<html>
<body>
<pre>
<h1>µVision Build Log</h1>
<h2>Tool Versions:</h2>
IDE-Version: ¦ÌVision V5.29.0.0
Copyright (C) 2019 ARM Ltd and ARM Germany GmbH. All rights reserved.
License Information: W Administrator, W, LIC=FQQMA-1Z6VC-17PRR-KYJS4-F98MM-F6G9Q
 
Tool Versions:
Toolchain:       MDK-ARM Professional  Version: 5.29.0.0
Toolchain Path:  C:\Keil_v5\ARM\ARMCC\Bin
C Compiler:      Armcc.exe V5.06 update 6 (build 750)
Assembler:       Armasm.exe V5.06 update 6 (build 750)
Linker/Locator:  ArmLink.exe V5.06 update 6 (build 750)
Library Manager: ArmAr.exe V5.06 update 6 (build 750)
Hex Converter:   FromElf.exe V5.06 update 6 (build 750)
CPU DLL:         SARMCM3.DLL V5.29.0.0
Dialog DLL:      DCM.DLL V1.17.3.0
Target DLL:      CMSIS_AGDI.dll V1.32.0.0
Dialog DLL:      TCM.DLL V1.36.5.0
 
<h2>Project:</h2>
E:\03.Job_EX\Maker\13.wangwt\github\stm32f013_study\Project\Stm32f10x_Project.uvprojx
Project File Date:  04/16/2020

<h2>Output:</h2>
*** Using Compiler 'V5.06 update 6 (build 750)', folder: 'C:\Keil_v5\ARM\ARMCC\Bin'
Build target 'Target 1'
creating preprocessor file for app_flash.c...
creating preprocessor file for Main.c...
compiling Main.c...
creating preprocessor file for variable.c...
compiling variable.c...
compiling app_flash.c...
creating preprocessor file for app_adc.c...
creating preprocessor file for app_htu21d.c...
compiling app_adc.c...
compiling app_htu21d.c...
creating preprocessor file for app_at24cxx.c...
creating preprocessor file for logic_grammer.c...
compiling app_at24cxx.c...
compiling logic_grammer.c...
creating preprocessor file for c_language_regular.c...
compiling c_language_regular.c...
..\App\src\c_language_regular.c(64): warning:  #177-D: variable "data_size"  was declared but never referenced
  	uint8_t data_size = 0;
..\App\src\c_language_regular.c: 1 warning, 0 errors
creating preprocessor file for sys.c...
creating preprocessor file for delay.c...
creating preprocessor file for usart.c...
compiling delay.c...
compiling sys.c...
creating preprocessor file for hardware_spi.c...
compiling usart.c...
creating preprocessor file for drvsfspi.c...
compiling hardware_spi.c...
creating preprocessor file for drvsfi2c.c...
compiling drvsfspi.c...
creating preprocessor file for drvexflash.c...
compiling drvsfi2c.c...
compiling drvexflash.c...
creating preprocessor file for drvadc.c...
creating preprocessor file for drvnrf2401.c...
compiling drvadc.c...
creating preprocessor file for drvsdcard.c...
compiling drvnrf2401.c...
compiling drvsdcard.c...
creating preprocessor file for drvuart.c...
creating preprocessor file for drvled.c...
compiling drvuart.c...
compiling drvled.c...
creating preprocessor file for drvoled.c...
compiling drvoled.c...
creating preprocessor file for drvtimer.c...
creating preprocessor file for drvexti.c...
compiling drvtimer.c...
compiling drvexti.c...
creating preprocessor file for core_cm3.c...
creating preprocessor file for stm32f10x_it.c...
compiling core_cm3.c...
creating preprocessor file for system_stm32f10x.c...
compiling stm32f10x_it.c...
assembling startup_stm32f10x_hd.s...
creating preprocessor file for misc.c...
compiling system_stm32f10x.c...
compiling misc.c...
creating preprocessor file for stm32f10x_adc.c...
compiling stm32f10x_adc.c...
creating preprocessor file for stm32f10x_bkp.c...
compiling stm32f10x_bkp.c...
creating preprocessor file for stm32f10x_can.c...
creating preprocessor file for stm32f10x_cec.c...
compiling stm32f10x_can.c...
creating preprocessor file for stm32f10x_crc.c...
compiling stm32f10x_cec.c...
creating preprocessor file for stm32f10x_dac.c...
compiling stm32f10x_crc.c...
compiling stm32f10x_dac.c...
creating preprocessor file for stm32f10x_dbgmcu.c...
creating preprocessor file for stm32f10x_dma.c...
compiling stm32f10x_dbgmcu.c...
compiling stm32f10x_dma.c...
creating preprocessor file for stm32f10x_exti.c...
creating preprocessor file for stm32f10x_flash.c...
compiling stm32f10x_exti.c...
creating preprocessor file for stm32f10x_fsmc.c...
compiling stm32f10x_flash.c...
creating preprocessor file for stm32f10x_gpio.c...
compiling stm32f10x_fsmc.c...
compiling stm32f10x_gpio.c...
creating preprocessor file for stm32f10x_i2c.c...
compiling stm32f10x_i2c.c...
creating preprocessor file for stm32f10x_iwdg.c...
creating preprocessor file for stm32f10x_pwr.c...
compiling stm32f10x_iwdg.c...
compiling stm32f10x_pwr.c...
creating preprocessor file for stm32f10x_rcc.c...
creating preprocessor file for stm32f10x_rtc.c...
compiling stm32f10x_rcc.c...
creating preprocessor file for stm32f10x_sdio.c...
compiling stm32f10x_rtc.c...
compiling stm32f10x_sdio.c...
creating preprocessor file for stm32f10x_spi.c...
creating preprocessor file for stm32f10x_tim.c...
compiling stm32f10x_spi.c...
creating preprocessor file for stm32f10x_usart.c...
compiling stm32f10x_tim.c...
compiling stm32f10x_usart.c...
creating preprocessor file for stm32f10x_wwdg.c...
creating preprocessor file for hal_spi.c...
compiling hal_spi.c...
compiling stm32f10x_wwdg.c...
linking...
Program Size: Code=10788 RO-data=5480 RW-data=76 ZI-data=5380  
FromELF: creating hex file...
".\Stm32f10x_Project.axf" - 0 Error(s), 1 Warning(s).

<h2>Software Packages used:</h2>

Package Vendor: Keil
                http://www.keil.com/pack/Keil.STM32F1xx_DFP.1.0.5.pack
                Keil.STM32F1xx_DFP.1.0.5
                STMicroelectronics STM32F1 Series Device Support, Drivers and Examples

<h2>Collection of Component include folders:</h2>
  .\RTE\_Target_1
  C:\Users\Administrator\AppData\Local\Arm\Packs\Keil\STM32F1xx_DFP\1.0.5\Device\Include

<h2>Collection of Component Files used:</h2>
Build Time Elapsed:  00:01:18
</pre>
</body>
</html>
