Component: ARM Compiler 5.06 update 6 (build 750) Tool: armlink [4d35ed]

==============================================================================

Section Cross References

    main.o(i.Hardware_AllInit) refers to drvled.o(i.Bsp_LedInit) for Bsp_LedInit
    main.o(i.Hardware_AllInit) refers to misc.o(i.NVIC_PriorityGroupConfig) for NVIC_PriorityGroupConfig
    main.o(i.Hardware_AllInit) refers to delay.o(i.delay_init) for delay_init
    main.o(i.Hardware_AllInit) refers to drvuart.o(i.uart_init) for uart_init
    main.o(i.Hardware_AllInit) refers to drvexti.o(i.exti_init) for exti_init
    main.o(i.Hardware_AllInit) refers to hardware_spi.o(i.spi_master_init) for spi_master_init
    main.o(i.Hardware_AllInit) refers to drvoled.o(i.oled_init) for oled_init
    main.o(i.Hardware_AllInit) refers to drvoled.o(i.oled_dis_logo) for oled_dis_logo
    main.o(i.Hardware_AllInit) refers to app_flash.o(i.Flash_TestDataInit) for Flash_TestDataInit
    main.o(i.Hardware_AllInit) refers to hardware_spi.o(i.spi_flash_read_id) for spi_flash_read_id
    main.o(i.Hardware_AllInit) refers to printfa.o(i.__0printf) for __2printf
    main.o(i.Hardware_AllInit) refers to main.o(.data) for ulFlashIdVal
    main.o(i.main) refers to main.o(i.Hardware_AllInit) for Hardware_AllInit
    main.o(i.main) refers to printfa.o(i.__0printf) for __2printf
    main.o(i.main) refers to delay.o(i.Sys_DelayUs) for Sys_DelayUs
    main.o(i.main) refers to drvexflash.o(i.Flash_ReadJEDECID) for Flash_ReadJEDECID
    main.o(i.main) refers to app_flash.o(i.W25_WriteReadBytes) for W25_WriteReadBytes
    main.o(i.main) refers to delay.o(i.delay_ms) for delay_ms
    main.o(i.main) refers to main.o(.data) for ulFlashIdVal
    app_flash.o(i.Flash_TestDataInit) refers to app_flash.o(.data) for g_WriteReadcnt
    app_flash.o(i.Flash_TestDataInit) refers to app_flash.o(.bss) for g_WriteData
    app_flash.o(i.W25_CircleWriteRead) refers to printfa.o(i.__0printf) for __2printf
    app_flash.o(i.W25_CircleWriteRead) refers to drvexflash.o(i.Flash_EraseChip) for Flash_EraseChip
    app_flash.o(i.W25_CircleWriteRead) refers to drvexflash.o(i.Flash_ReadSomeBytes) for Flash_ReadSomeBytes
    app_flash.o(i.W25_CircleWriteRead) refers to drvexflash.o(i.Flash_WriteSomeBytes) for Flash_WriteSomeBytes
    app_flash.o(i.W25_CircleWriteRead) refers to delay.o(i.Sys_delay_ms) for Sys_delay_ms
    app_flash.o(i.W25_CircleWriteRead) refers to app_flash.o(i.Flash_TestDataInit) for Flash_TestDataInit
    app_flash.o(i.W25_CircleWriteRead) refers to app_flash.o(.conststring) for .conststring
    app_flash.o(i.W25_CircleWriteRead) refers to app_flash.o(.data) for g_WriteReadcnt
    app_flash.o(i.W25_EraseTest) refers to memseta.o(.text) for __aeabi_memclr4
    app_flash.o(i.W25_EraseTest) refers to drvexflash.o(i.Flash_EraseChip) for Flash_EraseChip
    app_flash.o(i.W25_EraseTest) refers to delay.o(i.Sys_delay_ms) for Sys_delay_ms
    app_flash.o(i.W25_EraseTest) refers to drvexflash.o(i.Flash_ReadSomeBytes) for Flash_ReadSomeBytes
    app_flash.o(i.W25_EraseTest) refers to printfa.o(i.__0printf) for __2printf
    app_flash.o(i.W25_WriteReadBytes) refers to drvexflash.o(i.Flash_WriteSomeBytes) for Flash_WriteSomeBytes
    app_flash.o(i.W25_WriteReadBytes) refers to printfa.o(i.__0printf) for __2printf
    app_flash.o(i.W25_WriteReadBytes) refers to delay.o(i.Sys_delay_ms) for Sys_delay_ms
    app_flash.o(i.W25_WriteReadBytes) refers to drvexflash.o(i.Flash_ReadSomeBytes) for Flash_ReadSomeBytes
    app_flash.o(i.W25_WriteReadBytes) refers to app_flash.o(.data) for g_Count
    app_flash.o(i.W25_WriteReadBytes) refers to app_flash.o(.bss) for g_WriteData
    app_adc.o(i.App_AdcTest) refers to drvadc.o(i.Get_AdcAverage) for Get_AdcAverage
    app_adc.o(i.App_AdcTest) refers to ffltui.o(.text) for __aeabi_ui2f
    app_adc.o(i.App_AdcTest) refers to f2d.o(.text) for __aeabi_f2d
    app_adc.o(i.App_AdcTest) refers to dmul.o(.text) for __aeabi_dmul
    app_adc.o(i.App_AdcTest) refers to d2f.o(.text) for __aeabi_d2f
    app_adc.o(i.App_AdcTest) refers to printfa.o(i.__0printf) for __2printf
    app_adc.o(i.App_AdcTest) refers to delay.o(i.delay_ms) for delay_ms
    app_htu21d.o(i.Htu_Display) refers to app_htu21d.o(i.Htu_Measure) for Htu_Measure
    app_htu21d.o(i.Htu_Display) refers to f2d.o(.text) for __aeabi_f2d
    app_htu21d.o(i.Htu_Display) refers to printfa.o(i.__0printf) for __2printf
    app_htu21d.o(i.Htu_Display) refers to printfa.o(i.__0sprintf) for __2sprintf
    app_htu21d.o(i.Htu_Display) refers to dfixui.o(.text) for __aeabi_d2uiz
    app_htu21d.o(i.Htu_Display) refers to dfltui.o(.text) for __aeabi_ui2d
    app_htu21d.o(i.Htu_Display) refers to dadd.o(.text) for __aeabi_drsub
    app_htu21d.o(i.Htu_Display) refers to dmul.o(.text) for __aeabi_dmul
    app_htu21d.o(i.Htu_Init) refers to drvsfi2c.o(i.I2c_Init) for I2c_Init
    app_htu21d.o(i.Htu_Init) refers to drvsfi2c.o(i.I2c_Start) for I2c_Start
[...]
    Removing stm32f10x_iwdg.o(i.IWDG_SetPrescaler), (12 bytes).
    Removing stm32f10x_iwdg.o(i.IWDG_SetReload), (12 bytes).
    Removing stm32f10x_iwdg.o(i.IWDG_WriteAccessCmd), (12 bytes).
    Removing stm32f10x_pwr.o(i.PWR_BackupAccessCmd), (12 bytes).
    Removing stm32f10x_pwr.o(i.PWR_ClearFlag), (20 bytes).
    Removing stm32f10x_pwr.o(i.PWR_DeInit), (22 bytes).
    Removing stm32f10x_pwr.o(i.PWR_EnterSTANDBYMode), (52 bytes).
    Removing stm32f10x_pwr.o(i.PWR_EnterSTOPMode), (64 bytes).
    Removing stm32f10x_pwr.o(i.PWR_GetFlagStatus), (24 bytes).
    Removing stm32f10x_pwr.o(i.PWR_PVDCmd), (12 bytes).
    Removing stm32f10x_pwr.o(i.PWR_PVDLevelConfig), (24 bytes).
    Removing stm32f10x_pwr.o(i.PWR_WakeUpPinCmd), (12 bytes).
    Removing stm32f10x_rcc.o(i.RCC_ADCCLKConfig), (24 bytes).
    Removing stm32f10x_rcc.o(i.RCC_AHBPeriphClockCmd), (32 bytes).
    Removing stm32f10x_rcc.o(i.RCC_APB1PeriphClockCmd), (32 bytes).
    Removing stm32f10x_rcc.o(i.RCC_APB1PeriphResetCmd), (32 bytes).
    Removing stm32f10x_rcc.o(i.RCC_APB2PeriphResetCmd), (32 bytes).
    Removing stm32f10x_rcc.o(i.RCC_AdjustHSICalibrationValue), (24 bytes).
    Removing stm32f10x_rcc.o(i.RCC_BackupResetCmd), (12 bytes).
    Removing stm32f10x_rcc.o(i.RCC_ClearFlag), (20 bytes).
    Removing stm32f10x_rcc.o(i.RCC_ClearITPendingBit), (12 bytes).
    Removing stm32f10x_rcc.o(i.RCC_ClockSecuritySystemCmd), (12 bytes).
    Removing stm32f10x_rcc.o(i.RCC_DeInit), (76 bytes).
    Removing stm32f10x_rcc.o(i.RCC_GetFlagStatus), (60 bytes).
    Removing stm32f10x_rcc.o(i.RCC_GetITStatus), (24 bytes).
    Removing stm32f10x_rcc.o(i.RCC_GetSYSCLKSource), (16 bytes).
    Removing stm32f10x_rcc.o(i.RCC_HCLKConfig), (24 bytes).
    Removing stm32f10x_rcc.o(i.RCC_HSEConfig), (76 bytes).
    Removing stm32f10x_rcc.o(i.RCC_HSICmd), (12 bytes).
    Removing stm32f10x_rcc.o(i.RCC_ITConfig), (32 bytes).
    Removing stm32f10x_rcc.o(i.RCC_LSEConfig), (52 bytes).
    Removing stm32f10x_rcc.o(i.RCC_LSICmd), (12 bytes).
    Removing stm32f10x_rcc.o(i.RCC_MCOConfig), (12 bytes).
    Removing stm32f10x_rcc.o(i.RCC_PCLK1Config), (24 bytes).
    Removing stm32f10x_rcc.o(i.RCC_PCLK2Config), (24 bytes).
    Removing stm32f10x_rcc.o(i.RCC_PLLCmd), (12 bytes).
    Removing stm32f10x_rcc.o(i.RCC_PLLConfig), (28 bytes).
    Removing stm32f10x_rcc.o(i.RCC_RTCCLKCmd), (12 bytes).
    Removing stm32f10x_rcc.o(i.RCC_RTCCLKConfig), (16 bytes).
    Removing stm32f10x_rcc.o(i.RCC_SYSCLKConfig), (24 bytes).
    Removing stm32f10x_rcc.o(i.RCC_USBCLKConfig), (12 bytes).
    Removing stm32f10x_rcc.o(i.RCC_WaitForHSEStartUp), (56 bytes).
    Removing stm32f10x_rtc.o(i.RTC_ClearFlag), (16 bytes).
    Removing stm32f10x_rtc.o(i.RTC_ClearITPendingBit), (16 bytes).
    Removing stm32f10x_rtc.o(i.RTC_EnterConfigMode), (20 bytes).
    Removing stm32f10x_rtc.o(i.RTC_ExitConfigMode), (20 bytes).
    Removing stm32f10x_rtc.o(i.RTC_GetCounter), (20 bytes).
    Removing stm32f10x_rtc.o(i.RTC_GetDivider), (24 bytes).
    Removing stm32f10x_rtc.o(i.RTC_GetFlagStatus), (24 bytes).
    Removing stm32f10x_rtc.o(i.RTC_GetITStatus), (36 bytes).
    Removing stm32f10x_rtc.o(i.RTC_ITConfig), (32 bytes).
    Removing stm32f10x_rtc.o(i.RTC_SetAlarm), (28 bytes).
    Removing stm32f10x_rtc.o(i.RTC_SetCounter), (28 bytes).
    Removing stm32f10x_rtc.o(i.RTC_SetPrescaler), (32 bytes).
    Removing stm32f10x_rtc.o(i.RTC_WaitForLastTask), (20 bytes).
    Removing stm32f10x_rtc.o(i.RTC_WaitForSynchro), (36 bytes).
    Removing stm32f10x_sdio.o(i.SDIO_CEATAITCmd), (16 bytes).
    Removing stm32f10x_sdio.o(i.SDIO_ClearFlag), (12 bytes).
    Removing stm32f10x_sdio.o(i.SDIO_ClearITPendingBit), (12 bytes).
    Removing stm32f10x_sdio.o(i.SDIO_ClockCmd), (12 bytes).
    Removing stm32f10x_sdio.o(i.SDIO_CmdStructInit), (14 bytes).
    Removing stm32f10x_sdio.o(i.SDIO_CommandCompletionCmd), (12 bytes).
    Removing stm32f10x_sdio.o(i.SDIO_DMACmd), (12 bytes).
    Removing stm32f10x_sdio.o(i.SDIO_DataConfig), (48 bytes).
    Removing stm32f10x_sdio.o(i.SDIO_DataStructInit), (20 bytes).
    Removing stm32f10x_sdio.o(i.SDIO_DeInit), (36 bytes).
    Removing stm32f10x_sdio.o(i.SDIO_GetCommandResponse), (12 bytes).
    Removing stm32f10x_sdio.o(i.SDIO_GetDataCounter), (12 bytes).
    Removing stm32f10x_sdio.o(i.SDIO_GetFIFOCount), (12 bytes).
    Removing stm32f10x_sdio.o(i.SDIO_GetFlagStatus), (24 bytes).
    Removing stm32f10x_sdio.o(i.SDIO_GetITStatus), (24 bytes).
    Removing stm32f10x_sdio.o(i.SDIO_GetPowerState), (16 bytes).
    Removing stm32f10x_sdio.o(i.SDIO_GetResponse), (24 bytes).
    Removing stm32f10x_sdio.o(i.SDIO_ITConfig), (32 bytes).
    Removing stm32f10x_sdio.o(i.SDIO_Init), (48 bytes).
    Removing stm32f10x_sdio.o(i.SDIO_ReadData), (12 bytes).
    Removing stm32f10x_sdio.o(i.SDIO_SendCEATACmd), (12 bytes).
    Removing stm32f10x_sdio.o(i.SDIO_SendCommand), (44 bytes).
    Removing stm32f10x_sdio.o(i.SDIO_SendSDIOSuspendCmd), (12 bytes).
    Removing stm32f10x_sdio.o(i.SDIO_SetPowerState), (28 bytes).
    Removing stm32f10x_sdio.o(i.SDIO_SetSDIOOperation), (12 bytes).
    Removing stm32f10x_sdio.o(i.SDIO_SetSDIOReadWaitMode), (12 bytes).
    Removing stm32f10x_sdio.o(i.SDIO_StartSDIOReadWait), (12 bytes).
    Removing stm32f10x_sdio.o(i.SDIO_StopSDIOReadWait), (12 bytes).
    Removing stm32f10x_sdio.o(i.SDIO_StructInit), (16 bytes).
    Removing stm32f10x_sdio.o(i.SDIO_WriteData), (12 bytes).
    Removing stm32f10x_spi.o(i.I2S_Cmd), (24 bytes).
    Removing stm32f10x_spi.o(i.I2S_Init), (232 bytes).
    Removing stm32f10x_spi.o(i.I2S_StructInit), (20 bytes).
    Removing stm32f10x_spi.o(i.SPI_BiDirectionalLineConfig), (28 bytes).
    Removing stm32f10x_spi.o(i.SPI_CalculateCRC), (24 bytes).
    Removing stm32f10x_spi.o(i.SPI_DataSizeConfig), (18 bytes).
    Removing stm32f10x_spi.o(i.SPI_GetCRC), (16 bytes).
    Removing stm32f10x_spi.o(i.SPI_GetCRCPolynomial), (6 bytes).
    Removing stm32f10x_spi.o(i.SPI_I2S_ClearFlag), (6 bytes).
    Removing stm32f10x_spi.o(i.SPI_I2S_DMACmd), (18 bytes).
    Removing stm32f10x_spi.o(i.SPI_I2S_DeInit), (88 bytes).
    Removing stm32f10x_spi.o(i.SPI_NSSInternalSoftwareConfig), (30 bytes).
    Removing stm32f10x_spi.o(i.SPI_SSOutputCmd), (24 bytes).
    Removing stm32f10x_spi.o(i.SPI_StructInit), (24 bytes).
    Removing stm32f10x_spi.o(i.SPI_TransmitCRC), (10 bytes).
    Removing stm32f10x_tim.o(i.TI1_Config), (128 bytes).
    Removing stm32f10x_tim.o(i.TI2_Config), (152 bytes).
    Removing stm32f10x_tim.o(i.TI3_Config), (144 bytes).
    Removing stm32f10x_tim.o(i.TI4_Config), (152 bytes).
    Removing stm32f10x_tim.o(i.TIM_ARRPreloadConfig), (24 bytes).
    Removing stm32f10x_tim.o(i.TIM_BDTRConfig), (32 bytes).
    Removing stm32f10x_tim.o(i.TIM_BDTRStructInit), (18 bytes).
    Removing stm32f10x_tim.o(i.TIM_CCPreloadControl), (24 bytes).
    Removing stm32f10x_tim.o(i.TIM_CCxCmd), (30 bytes).
    Removing stm32f10x_tim.o(i.TIM_CCxNCmd), (30 bytes).
    Removing stm32f10x_tim.o(i.TIM_ClearFlag), (6 bytes).
    Removing stm32f10x_tim.o(i.TIM_ClearOC1Ref), (18 bytes).
    Removing stm32f10x_tim.o(i.TIM_ClearOC2Ref), (24 bytes).
    Removing stm32f10x_tim.o(i.TIM_ClearOC3Ref), (18 bytes).
    Removing stm32f10x_tim.o(i.TIM_ClearOC4Ref), (24 bytes).
    Removing stm32f10x_tim.o(i.TIM_Cmd), (24 bytes).
    Removing stm32f10x_tim.o(i.TIM_CounterModeConfig), (18 bytes).
    Removing stm32f10x_tim.o(i.TIM_CtrlPWMOutputs), (30 bytes).
    Removing stm32f10x_tim.o(i.TIM_DMACmd), (18 bytes).
    Removing stm32f10x_tim.o(i.TIM_DMAConfig), (10 bytes).
    Removing stm32f10x_tim.o(i.TIM_DeInit), (488 bytes).
    Removing stm32f10x_tim.o(i.TIM_ETRClockMode1Config), (54 bytes).
    Removing stm32f10x_tim.o(i.TIM_ETRClockMode2Config), (32 bytes).
    Removing stm32f10x_tim.o(i.TIM_ETRConfig), (28 bytes).
    Removing stm32f10x_tim.o(i.TIM_EncoderInterfaceConfig), (66 bytes).
    Removing stm32f10x_tim.o(i.TIM_ForcedOC1Config), (18 bytes).
    Removing stm32f10x_tim.o(i.TIM_ForcedOC2Config), (26 bytes).
    Removing stm32f10x_tim.o(i.TIM_ForcedOC3Config), (18 bytes).
    Removing stm32f10x_tim.o(i.TIM_ForcedOC4Config), (26 bytes).
    Removing stm32f10x_tim.o(i.TIM_GenerateEvent), (4 bytes).
    Removing stm32f10x_tim.o(i.TIM_GetCapture2), (6 bytes).
    Removing stm32f10x_tim.o(i.TIM_GetCapture3), (6 bytes).
    Removing stm32f10x_tim.o(i.TIM_GetCapture4), (8 bytes).
    Removing stm32f10x_tim.o(i.TIM_GetFlagStatus), (18 bytes).
    Removing stm32f10x_tim.o(i.TIM_GetPrescaler), (6 bytes).
    Removing stm32f10x_tim.o(i.TIM_ICInit), (172 bytes).
    Removing stm32f10x_tim.o(i.TIM_ICStructInit), (18 bytes).
    Removing stm32f10x_tim.o(i.TIM_ITConfig), (18 bytes).
    Removing stm32f10x_tim.o(i.TIM_ITRxExternalClockConfig), (24 bytes).
    Removing stm32f10x_tim.o(i.TIM_InternalClockConfig), (12 bytes).
    Removing stm32f10x_tim.o(i.TIM_OC1FastConfig), (18 bytes).
    Removing stm32f10x_tim.o(i.TIM_OC1Init), (152 bytes).
    Removing stm32f10x_tim.o(i.TIM_OC1NPolarityConfig), (18 bytes).
    Removing stm32f10x_tim.o(i.TIM_OC1PolarityConfig), (18 bytes).
    Removing stm32f10x_tim.o(i.TIM_OC1PreloadConfig), (18 bytes).
    Removing stm32f10x_tim.o(i.TIM_OC2FastConfig), (26 bytes).
    Removing stm32f10x_tim.o(i.TIM_OC2Init), (164 bytes).
    Removing stm32f10x_tim.o(i.TIM_OC2NPolarityConfig), (26 bytes).
    Removing stm32f10x_tim.o(i.TIM_OC2PolarityConfig), (26 bytes).
    Removing stm32f10x_tim.o(i.TIM_OC2PreloadConfig), (26 bytes).
    Removing stm32f10x_tim.o(i.TIM_OC3FastConfig), (18 bytes).
    Removing stm32f10x_tim.o(i.TIM_OC3Init), (160 bytes).
    Removing stm32f10x_tim.o(i.TIM_OC3NPolarityConfig), (26 bytes).
    Removing stm32f10x_tim.o(i.TIM_OC3PolarityConfig), (26 bytes).
    Removing stm32f10x_tim.o(i.TIM_OC3PreloadConfig), (18 bytes).
    Removing stm32f10x_tim.o(i.TIM_OC4FastConfig), (26 bytes).
    Removing stm32f10x_tim.o(i.TIM_OC4Init), (124 bytes).
    Removing stm32f10x_tim.o(i.TIM_OC4PolarityConfig), (26 bytes).
    Removing stm32f10x_tim.o(i.TIM_OC4PreloadConfig), (26 bytes).
    Removing stm32f10x_tim.o(i.TIM_OCStructInit), (20 bytes).
    Removing stm32f10x_tim.o(i.TIM_PWMIConfig), (124 bytes).
    Removing stm32f10x_tim.o(i.TIM_PrescalerConfig), (6 bytes).
    Removing stm32f10x_tim.o(i.TIM_SelectCCDMA), (24 bytes).
    Removing stm32f10x_tim.o(i.TIM_SelectCOM), (24 bytes).
    Removing stm32f10x_tim.o(i.TIM_SelectHallSensor), (24 bytes).
    Removing stm32f10x_tim.o(i.TIM_SelectInputTrigger), (18 bytes).
    Removing stm32f10x_tim.o(i.TIM_SelectMasterSlaveMode), (18 bytes).
    Removing stm32f10x_tim.o(i.TIM_SelectOCxM), (82 bytes).
    Removing stm32f10x_tim.o(i.TIM_SelectOnePulseMode), (18 bytes).
    Removing stm32f10x_tim.o(i.TIM_SelectOutputTrigger), (18 bytes).
    Removing stm32f10x_tim.o(i.TIM_SelectSlaveMode), (18 bytes).
    Removing stm32f10x_tim.o(i.TIM_SetAutoreload), (4 bytes).
    Removing stm32f10x_tim.o(i.TIM_SetClockDivision), (18 bytes).
    Removing stm32f10x_tim.o(i.TIM_SetCompare1), (4 bytes).
    Removing stm32f10x_tim.o(i.TIM_SetCompare2), (4 bytes).
    Removing stm32f10x_tim.o(i.TIM_SetCompare3), (4 bytes).
    Removing stm32f10x_tim.o(i.TIM_SetCompare4), (6 bytes).
    Removing stm32f10x_tim.o(i.TIM_SetCounter), (4 bytes).
    Removing stm32f10x_tim.o(i.TIM_SetIC1Prescaler), (18 bytes).
    Removing stm32f10x_tim.o(i.TIM_SetIC2Prescaler), (26 bytes).
    Removing stm32f10x_tim.o(i.TIM_SetIC3Prescaler), (18 bytes).
    Removing stm32f10x_tim.o(i.TIM_SetIC4Prescaler), (26 bytes).
    Removing stm32f10x_tim.o(i.TIM_TIxExternalClockConfig), (62 bytes).
    Removing stm32f10x_tim.o(i.TIM_TimeBaseInit), (164 bytes).
    Removing stm32f10x_tim.o(i.TIM_TimeBaseStructInit), (18 bytes).
    Removing stm32f10x_tim.o(i.TIM_UpdateDisableConfig), (24 bytes).
    Removing stm32f10x_tim.o(i.TIM_UpdateRequestConfig), (24 bytes).
    Removing stm32f10x_usart.o(i.USART_ClearFlag), (18 bytes).
    Removing stm32f10x_usart.o(i.USART_ClockInit), (34 bytes).
    Removing stm32f10x_usart.o(i.USART_ClockStructInit), (12 bytes).
    Removing stm32f10x_usart.o(i.USART_DMACmd), (18 bytes).
    Removing stm32f10x_usart.o(i.USART_DeInit), (156 bytes).
    Removing stm32f10x_usart.o(i.USART_HalfDuplexCmd), (24 bytes).
    Removing stm32f10x_usart.o(i.USART_IrDACmd), (24 bytes).
    Removing stm32f10x_usart.o(i.USART_IrDAConfig), (18 bytes).
    Removing stm32f10x_usart.o(i.USART_LINBreakDetectLengthConfig), (18 bytes).
    Removing stm32f10x_usart.o(i.USART_LINCmd), (24 bytes).
    Removing stm32f10x_usart.o(i.USART_OneBitMethodCmd), (24 bytes).
    Removing stm32f10x_usart.o(i.USART_OverSampling8Cmd), (22 bytes).
    Removing stm32f10x_usart.o(i.USART_ReceiverWakeUpCmd), (24 bytes).
    Removing stm32f10x_usart.o(i.USART_SendBreak), (10 bytes).
    Removing stm32f10x_usart.o(i.USART_SetAddress), (18 bytes).
    Removing stm32f10x_usart.o(i.USART_SetGuardTime), (16 bytes).
    Removing stm32f10x_usart.o(i.USART_SetPrescaler), (16 bytes).
    Removing stm32f10x_usart.o(i.USART_SmartCardCmd), (24 bytes).
    Removing stm32f10x_usart.o(i.USART_SmartCardNACKCmd), (24 bytes).
    Removing stm32f10x_usart.o(i.USART_StructInit), (24 bytes).
    Removing stm32f10x_usart.o(i.USART_WakeUpConfig), (18 bytes).
    Removing stm32f10x_wwdg.o(i.WWDG_ClearFlag), (12 bytes).
    Removing stm32f10x_wwdg.o(i.WWDG_DeInit), (22 bytes).
    Removing stm32f10x_wwdg.o(i.WWDG_Enable), (16 bytes).
    Removing stm32f10x_wwdg.o(i.WWDG_EnableIT), (12 bytes).
    Removing stm32f10x_wwdg.o(i.WWDG_GetFlagStatus), (12 bytes).
    Removing stm32f10x_wwdg.o(i.WWDG_SetCounter), (16 bytes).
    Removing stm32f10x_wwdg.o(i.WWDG_SetPrescaler), (24 bytes).
    Removing stm32f10x_wwdg.o(i.WWDG_SetWindowValue), (40 bytes).
    Removing fadd.o(.text), (176 bytes).
    Removing fmul.o(.text), (100 bytes).
    Removing fdiv.o(.text), (124 bytes).
    Removing fflti.o(.text), (18 bytes).
    Removing ffltui.o(.text), (10 bytes).
    Removing dfltui.o(.text), (26 bytes).
    Removing dfixui.o(.text), (50 bytes).
    Removing f2d.o(.text), (38 bytes).
    Removing d2f.o(.text), (56 bytes).
    Removing fepilogue.o(.text), (110 bytes).

567 unused section(s) (total 29702 bytes) removed from the image.

==============================================================================

Image Symbol Table

    Local Symbols

    Symbol Name                              Value     Ov Type        Size  Object(Section)

    ../clib/microlib/division.c              0x00000000   Number         0  uidiv.o ABSOLUTE
    ../clib/microlib/division.c              0x00000000   Number         0  uldiv.o ABSOLUTE
    ../clib/microlib/init/entry.s            0x00000000   Number         0  entry5.o ABSOLUTE
    ../clib/microlib/init/entry.s            0x00000000   Number         0  entry7a.o ABSOLUTE
    ../clib/microlib/init/entry.s            0x00000000   Number         0  entry2.o ABSOLUTE
    ../clib/microlib/init/entry.s            0x00000000   Number         0  entry11b.o ABSOLUTE
    ../clib/microlib/init/entry.s            0x00000000   Number         0  entry8b.o ABSOLUTE
    ../clib/microlib/init/entry.s            0x00000000   Number         0  entry.o ABSOLUTE
    ../clib/microlib/init/entry.s            0x00000000   Number         0  entry7b.o ABSOLUTE
    ../clib/microlib/init/entry.s            0x00000000   Number         0  entry8a.o ABSOLUTE
    ../clib/microlib/init/entry.s            0x00000000   Number         0  entry9a.o ABSOLUTE
    ../clib/microlib/init/entry.s            0x00000000   Number         0  entry9b.o ABSOLUTE
    ../clib/microlib/init/entry.s            0x00000000   Number         0  entry10a.o ABSOLUTE
    ../clib/microlib/init/entry.s            0x00000000   Number         0  entry10b.o ABSOLUTE
    ../clib/microlib/init/entry.s            0x00000000   Number         0  entry11a.o ABSOLUTE
    ../clib/microlib/longlong.c              0x00000000   Number         0  llshl.o ABSOLUTE
    ../clib/microlib/longlong.c              0x00000000   Number         0  llushr.o ABSOLUTE
    ../clib/microlib/longlong.c              0x00000000   Number         0  llsshr.o ABSOLUTE
    ../clib/microlib/malloc/malloc.c         0x00000000   Number         0  malloc.o ABSOLUTE
    ../clib/microlib/malloc/malloc.c         0x00000000   Number         0  malloca.o ABSOLUTE
    ../clib/microlib/malloc/malloc.c         0x00000000   Number         0  mallocra.o ABSOLUTE
    ../clib/microlib/malloc/malloc.c         0x00000000   Number         0  mallocr.o ABSOLUTE
    ../clib/microlib/malloc/mvars.c          0x00000000   Number         0  mvars.o ABSOLUTE
    ../clib/microlib/printf/printf.c         0x00000000   Number         0  printf6.o ABSOLUTE
    ../clib/microlib/printf/printf.c         0x00000000   Number         0  printf5.o ABSOLUTE
    ../clib/microlib/printf/printf.c         0x00000000   Number         0  printf4.o ABSOLUTE
    ../clib/microlib/printf/printf.c         0x00000000   Number         0  printf3.o ABSOLUTE
    ../clib/microlib/printf/printf.c         0x00000000   Number         0  printf1.o ABSOLUTE
    ../clib/microlib/printf/printf.c         0x00000000   Number         0  printf2.o ABSOLUTE
    ../clib/microlib/printf/printf.c         0x00000000   Number         0  printfa.o ABSOLUTE
    ../clib/microlib/printf/printf.c         0x00000000   Number         0  printf8.o ABSOLUTE
    ../clib/microlib/printf/printf.c         0x00000000   Number         0  printfb.o ABSOLUTE
    ../clib/microlib/printf/printf.c         0x00000000   Number         0  printf7.o ABSOLUTE
    ../clib/microlib/printf/printf.c         0x00000000   Number         0  printf0.o ABSOLUTE
    ../clib/microlib/printf/stubs.s          0x00000000   Number         0  stubs.o ABSOLUTE
    ../clib/microlib/string/memcpy.c         0x00000000   Number         0  memcpya.o ABSOLUTE
    ../clib/microlib/string/memcpy.c         0x00000000   Number         0  memcpyb.o ABSOLUTE
    ../clib/microlib/string/memset.c         0x00000000   Number         0  memseta.o ABSOLUTE
    ../clib/microlib/stubs.s                 0x00000000   Number         0  useno.o ABSOLUTE
    ../clib/microlib/stubs.s                 0x00000000   Number         0  iusefp.o ABSOLUTE
    ../fplib/microlib/d2f.c                  0x00000000   Number         0  d2f.o ABSOLUTE
    ../fplib/microlib/f2d.c                  0x00000000   Number         0  f2d.o ABSOLUTE
    ../fplib/microlib/fpadd.c                0x00000000   Number         0  dadd.o ABSOLUTE
    ../fplib/microlib/fpadd.c                0x00000000   Number         0  fadd.o ABSOLUTE
    ../fplib/microlib/fpdiv.c                0x00000000   Number         0  fdiv.o ABSOLUTE
    ../fplib/microlib/fpdiv.c                0x00000000   Number         0  ddiv.o ABSOLUTE
    ../fplib/microlib/fpepilogue.c           0x00000000   Number         0  fepilogue.o ABSOLUTE
    ../fplib/microlib/fpepilogue.c           0x00000000   Number         0  depilogue.o ABSOLUTE
    ../fplib/microlib/fpfix.c                0x00000000   Number         0  dfixui.o ABSOLUTE
    ../fplib/microlib/fpfix.c                0x00000000   Number         0  dfixul.o ABSOLUTE
    ../fplib/microlib/fpflt.c                0x00000000   Number         0  fflti.o ABSOLUTE
    ../fplib/microlib/fpflt.c                0x00000000   Number         0  dfltui.o ABSOLUTE
    ../fplib/microlib/fpflt.c                0x00000000   Number         0  ffltui.o ABSOLUTE
    ../fplib/microlib/fpmul.c                0x00000000   Number         0  dmul.o ABSOLUTE
    ../fplib/microlib/fpmul.c                0x00000000   Number         0  fmul.o ABSOLUTE
    ..\App\src\app_adc.c                     0x00000000   Number         0  app_adc.o ABSOLUTE
    ..\App\src\app_at24cxx.c                 0x00000000   Number         0  app_at24cxx.o ABSOLUTE
    ..\App\src\app_flash.c                   0x00000000   Number         0  app_flash.o ABSOLUTE
    ..\App\src\app_htu21d.c                  0x00000000   Number         0  app_htu21d.o ABSOLUTE
    ..\App\src\c_language_regular.c          0x00000000   Number         0  c_language_regular.o ABSOLUTE
    ..\App\src\logic_grammer.c               0x00000000   Number         0  logic_grammer.o ABSOLUTE
    ..\App\src\variable.c                    0x00000000   Number         0  variable.o ABSOLUTE
    ..\Driver\src\delay.c                    0x00000000   Number         0  delay.o ABSOLUTE
    ..\Driver\src\drvadc.c                   0x00000000   Number         0  drvadc.o ABSOLUTE
    ..\Driver\src\drvexflash.c               0x00000000   Number         0  drvexflash.o ABSOLUTE
    ..\Driver\src\drvexti.c                  0x00000000   Number         0  drvexti.o ABSOLUTE
    ..\Driver\src\drvfreq.c                  0x00000000   Number         0  drvfreq.o ABSOLUTE
    ..\Driver\src\drvled.c                   0x00000000   Number         0  drvled.o ABSOLUTE
    ..\Driver\src\drvnrf2401.c               0x00000000   Number         0  drvnrf2401.o ABSOLUTE
    ..\Driver\src\drvoled.c                  0x00000000   Number         0  drvoled.o ABSOLUTE
    ..\Driver\src\drvsdcard.c                0x00000000   Number         0  drvsdcard.o ABSOLUTE
    ..\Driver\src\drvsfi2c.c                 0x00000000   Number         0  drvsfi2c.o ABSOLUTE
    ..\Driver\src\drvsfspi.c                 0x00000000   Number         0  drvsfspi.o ABSOLUTE
    ..\Driver\src\drvtimer.c                 0x00000000   Number         0  drvtimer.o ABSOLUTE
    ..\Driver\src\drvuart.c                  0x00000000   Number         0  drvuart.o ABSOLUTE
    ..\Driver\src\hardware_spi.c             0x00000000   Number         0  hardware_spi.o ABSOLUTE
    ..\Driver\src\sys.c                      0x00000000   Number         0  sys.o ABSOLUTE
    ..\Driver\src\usart.c                    0x00000000   Number         0  usart.o ABSOLUTE
    ..\HalIterface\src\hal_spi.c             0x00000000   Number         0  hal_spi.o ABSOLUTE
    ..\Libraries\CMSIS\Core\src\core_cm3.c   0x00000000   Number         0  core_cm3.o ABSOLUTE
    ..\Libraries\CMSIS\Device\Startup\startup_stm32f10x_hd.s 0x00000000   Number         0  startup_stm32f10x_hd.o ABSOLUTE
    ..\Libraries\CMSIS\Device\src\stm32f10x_it.c 0x00000000   Number         0  stm32f10x_it.o ABSOLUTE
    ..\Libraries\CMSIS\Device\src\system_stm32f10x.c 0x00000000   Number         0  system_stm32f10x.o ABSOLUTE
    ..\Libraries\STM32F10x_StdPeriph_Driver\src\misc.c 0x00000000   Number         0  misc.o ABSOLUTE
    ..\Libraries\STM32F10x_StdPeriph_Driver\src\stm32f10x_adc.c 0x00000000   Number         0  stm32f10x_adc.o ABSOLUTE
    ..\Libraries\STM32F10x_StdPeriph_Driver\src\stm32f10x_bkp.c 0x00000000   Number         0  stm32f10x_bkp.o ABSOLUTE
    ..\Libraries\STM32F10x_StdPeriph_Driver\src\stm32f10x_can.c 0x00000000   Number         0  stm32f10x_can.o ABSOLUTE
    ..\Libraries\STM32F10x_StdPeriph_Driver\src\stm32f10x_cec.c 0x00000000   Number         0  stm32f10x_cec.o ABSOLUTE
    ..\Libraries\STM32F10x_StdPeriph_Driver\src\stm32f10x_crc.c 0x00000000   Number         0  stm32f10x_crc.o ABSOLUTE
    ..\Libraries\STM32F10x_StdPeriph_Driver\src\stm32f10x_dac.c 0x00000000   Number         0  stm32f10x_dac.o ABSOLUTE
    ..\Libraries\STM32F10x_StdPeriph_Driver\src\stm32f10x_dbgmcu.c 0x00000000   Number         0  stm32f10x_dbgmcu.o ABSOLUTE
    ..\Libraries\STM32F10x_StdPeriph_Driver\src\stm32f10x_dma.c 0x00000000   Number         0  stm32f10x_dma.o ABSOLUTE
    ..\Libraries\STM32F10x_StdPeriph_Driver\src\stm32f10x_exti.c 0x00000000   Number         0  stm32f10x_exti.o ABSOLUTE
    ..\Libraries\STM32F10x_StdPeriph_Driver\src\stm32f10x_flash.c 0x00000000   Number         0  stm32f10x_flash.o ABSOLUTE
    ..\Libraries\STM32F10x_StdPeriph_Driver\src\stm32f10x_fsmc.c 0x00000000   Number         0  stm32f10x_fsmc.o ABSOLUTE
    ..\Libraries\STM32F10x_StdPeriph_Driver\src\stm32f10x_gpio.c 0x00000000   Number         0  stm32f10x_gpio.o ABSOLUTE
    ..\Libraries\STM32F10x_StdPeriph_Driver\src\stm32f10x_i2c.c 0x00000000   Number         0  stm32f10x_i2c.o ABSOLUTE
    ..\Libraries\STM32F10x_StdPeriph_Driver\src\stm32f10x_iwdg.c 0x00000000   Number         0  stm32f10x_iwdg.o ABSOLUTE
    ..\Libraries\STM32F10x_StdPeriph_Driver\src\stm32f10x_pwr.c 0x00000000   Number         0  stm32f10x_pwr.o ABSOLUTE
    ..\Libraries\STM32F10x_StdPeriph_Driver\src\stm32f10x_rcc.c 0x00000000   Number         0  stm32f10x_rcc.o ABSOLUTE
    ..\Libraries\STM32F10x_StdPeriph_Driver\src\stm32f10x_rtc.c 0x00000000   Number         0  stm32f10x_rtc.o ABSOLUTE
    ..\Libraries\STM32F10x_StdPeriph_Driver\src\stm32f10x_sdio.c 0x00000000   Number         0  stm32f10x_sdio.o ABSOLUTE
    ..\Libraries\STM32F10x_StdPeriph_Driver\src\stm32f10x_spi.c 0x00000000   Number         0  stm32f10x_spi.o ABSOLUTE
    ..\Libraries\STM32F10x_StdPeriph_Driver\src\stm32f10x_tim.c 0x00000000   Number         0  stm32f10x_tim.o ABSOLUTE
    ..\Libraries\STM32F10x_StdPeriph_Driver\src\stm32f10x_usart.c 0x00000000   Number         0  stm32f10x_usart.o ABSOLUTE
    ..\Libraries\STM32F10x_StdPeriph_Driver\src\stm32f10x_wwdg.c 0x00000000   Number         0  stm32f10x_wwdg.o ABSOLUTE
    ..\User\src\Main.c                       0x00000000   Number         0  main.o ABSOLUTE
    ..\\Driver\\src\\sys.c                   0x00000000   Number         0  sys.o ABSOLUTE
    ..\\Libraries\\CMSIS\\Core\\src\\core_cm3.c 0x00000000   Number         0  core_cm3.o ABSOLUTE
    cdrcmple.s                               0x00000000   Number         0  cdrcmple.o ABSOLUTE
    dc.s                                     0x00000000   Number         0  dc.o ABSOLUTE
    handlers.s                               0x00000000   Number         0  handlers.o ABSOLUTE
    init.s                                   0x00000000   Number         0  init.o ABSOLUTE
    RESET                                    0x08000000   Section      304  startup_stm32f10x_hd.o(RESET)
    .ARM.Collect$$$$00000000                 0x08000130   Section        0  entry.o(.ARM.Collect$$$$00000000)
    .ARM.Collect$$$$00000001                 0x08000130   Section        4  entry2.o(.ARM.Collect$$$$00000001)
    .ARM.Collect$$$$00000004                 0x08000134   Section        4  entry5.o(.ARM.Collect$$$$00000004)
    .ARM.Collect$$$$00000008                 0x08000138   Section        0  entry7b.o(.ARM.Collect$$$$00000008)
    .ARM.Collect$$$$0000000A                 0x08000138   Section        0  entry8b.o(.ARM.Collect$$$$0000000A)
    .ARM.Collect$$$$0000000B                 0x08000138   Section        8  entry9a.o(.ARM.Collect$$$$0000000B)
    .ARM.Collect$$$$0000000D                 0x08000140   Section        0  entry10a.o(.ARM.Collect$$$$0000000D)
    .ARM.Collect$$$$0000000F                 0x08000140   Section        0  entry11a.o(.ARM.Collect$$$$0000000F)
    .ARM.Collect$$$$00002712                 0x08000140   Section        4  entry2.o(.ARM.Collect$$$$00002712)
    __lit__00000000                          0x08000140   Data           4  entry2.o(.ARM.Collect$$$$00002712)
    .text                                    0x08000144   Section       36  startup_stm32f10x_hd.o(.text)
    .text                                    0x08000168   Section        0  dadd.o(.text)
    .text                                    0x080002b6   Section        0  dmul.o(.text)
    .text                                    0x0800039a   Section        0  ddiv.o(.text)
    .text                                    0x08000478   Section        0  uidiv.o(.text)
    .text                                    0x080004a4   Section        0  uldiv.o(.text)
    .text                                    0x08000506   Section        0  llshl.o(.text)
    .text                                    0x08000524   Section        0  llushr.o(.text)
    .text                                    0x08000544   Section        0  llsshr.o(.text)
    .text                                    0x08000568   Section        0  iusefp.o(.text)
    .text                                    0x08000568   Section        0  depilogue.o(.text)
    .text                                    0x08000622   Section        0  dfixul.o(.text)
    .text                                    0x08000654   Section       48  cdrcmple.o(.text)
    .text                                    0x08000684   Section       36  init.o(.text)
    i.Bsp_LedInit                            0x080006a8   Section        0  drvled.o(i.Bsp_LedInit)
    i.Bsp_LedOff                             0x08000704   Section        0  drvled.o(i.Bsp_LedOff)
    i.Bsp_LedOn                              0x0800072c   Section        0  drvled.o(i.Bsp_LedOn)
    i.BusFault_Handler                       0x08000754   Section        0  stm32f10x_it.o(i.BusFault_Handler)
    i.DebugMon_Handler                       0x08000758   Section        0  stm32f10x_it.o(i.DebugMon_Handler)
    i.EXTI0_IRQHandler                       0x0800075c   Section        0  drvexti.o(i.EXTI0_IRQHandler)
    i.EXTI_ClearITPendingBit                 0x080007a8   Section        0  stm32f10x_exti.o(i.EXTI_ClearITPendingBit)
    i.EXTI_GetITStatus                       0x080007b4   Section        0  stm32f10x_exti.o(i.EXTI_GetITStatus)
    i.EXTI_Init                              0x080007dc   Section        0  stm32f10x_exti.o(i.EXTI_Init)
    i.Flash_EraseSector                      0x08000870   Section        0  drvexflash.o(i.Flash_EraseSector)
    i.Flash_ReadJEDECID                      0x080008e0   Section        0  drvexflash.o(i.Flash_ReadJEDECID)
    i.Flash_ReadSR                           0x08000930   Section        0  drvexflash.o(i.Flash_ReadSR)
    i.Flash_ReadSomeBytes                    0x08000968   Section        0  drvexflash.o(i.Flash_ReadSomeBytes)
    i.Flash_TestDataInit                     0x080009d8   Section        0  app_flash.o(i.Flash_TestDataInit)
    i.Flash_WaitNobusy                       0x08000a18   Section        0  drvexflash.o(i.Flash_WaitNobusy)
    i.Flash_WriteDisable                     0x08000a2c   Section        0  drvexflash.o(i.Flash_WriteDisable)
    i.Flash_WriteEnable                      0x08000a54   Section        0  drvexflash.o(i.Flash_WriteEnable)
    i.Flash_WriteNoCheck                     0x08000a7c   Section        0  drvexflash.o(i.Flash_WriteNoCheck)
    i.Flash_WritePage                        0x08000ac4   Section        0  drvexflash.o(i.Flash_WritePage)
    i.Flash_WriteSomeBytes                   0x08000b40   Section        0  drvexflash.o(i.Flash_WriteSomeBytes)
    i.GPIO_EXTILineConfig                    0x08000c00   Section        0  stm32f10x_gpio.o(i.GPIO_EXTILineConfig)
    i.GPIO_Init                              0x08000c40   Section        0  stm32f10x_gpio.o(i.GPIO_Init)
    i.GPIO_ReadInputDataBit                  0x08000d56   Section        0  stm32f10x_gpio.o(i.GPIO_ReadInputDataBit)
    i.GPIO_ResetBits                         0x08000d68   Section        0  stm32f10x_gpio.o(i.GPIO_ResetBits)
    i.GPIO_SetBits                           0x08000d6c   Section        0  stm32f10x_gpio.o(i.GPIO_SetBits)
    i.HardFault_Handler                      0x08000d70   Section        0  stm32f10x_it.o(i.HardFault_Handler)
    i.Hardware_AllInit                       0x08000d74   Section        0  main.o(i.Hardware_AllInit)
    i.MemManage_Handler                      0x08000e1c   Section        0  stm32f10x_it.o(i.MemManage_Handler)
    i.NMI_Handler                            0x08000e20   Section        0  stm32f10x_it.o(i.NMI_Handler)
    i.NVIC_Init                              0x08000e24   Section        0  misc.o(i.NVIC_Init)
    i.NVIC_PriorityGroupConfig               0x08000e94   Section        0  misc.o(i.NVIC_PriorityGroupConfig)
    i.PendSV_Handler                         0x08000ea8   Section        0  stm32f10x_it.o(i.PendSV_Handler)
    i.RCC_APB2PeriphClockCmd                 0x08000eac   Section        0  stm32f10x_rcc.o(i.RCC_APB2PeriphClockCmd)
    i.RCC_GetClocksFreq                      0x08000ecc   Section        0  stm32f10x_rcc.o(i.RCC_GetClocksFreq)
    i.SPI1_IRQHandler                        0x08000fa0   Section        0  hardware_spi.o(i.SPI1_IRQHandler)
    i.SPI_Cmd                                0x08000ff4   Section        0  stm32f10x_spi.o(i.SPI_Cmd)
    i.SPI_I2S_ClearITPendingBit              0x0800100c   Section        0  stm32f10x_spi.o(i.SPI_I2S_ClearITPendingBit)
    i.SPI_I2S_GetFlagStatus                  0x08001020   Section        0  stm32f10x_spi.o(i.SPI_I2S_GetFlagStatus)
    i.SPI_I2S_GetITStatus                    0x08001032   Section        0  stm32f10x_spi.o(i.SPI_I2S_GetITStatus)
    i.SPI_I2S_ITConfig                       0x08001066   Section        0  stm32f10x_spi.o(i.SPI_I2S_ITConfig)
    i.SPI_I2S_ReceiveData                    0x08001086   Section        0  stm32f10x_spi.o(i.SPI_I2S_ReceiveData)
    i.SPI_I2S_SendData                       0x0800108c   Section        0  stm32f10x_spi.o(i.SPI_I2S_SendData)
    i.SPI_Init                               0x08001090   Section        0  stm32f10x_spi.o(i.SPI_Init)
    i.SVC_Handler                            0x080010cc   Section        0  stm32f10x_it.o(i.SVC_Handler)
    i.SetSysClock                            0x080010ce   Section        0  system_stm32f10x.o(i.SetSysClock)
    SetSysClock                              0x080010cf   Thumb Code     8  system_stm32f10x.o(i.SetSysClock)
    i.SetSysClockTo72                        0x080010d8   Section        0  system_stm32f10x.o(i.SetSysClockTo72)
    SetSysClockTo72                          0x080010d9   Thumb Code   214  system_stm32f10x.o(i.SetSysClockTo72)
    i.Spi_ReadByte                           0x080011b8   Section        0  drvsfspi.o(i.Spi_ReadByte)
    i.Spi_WriteByte                          0x08001204   Section        0  drvsfspi.o(i.Spi_WriteByte)
    i.SysTick_CLKSourceConfig                0x08001248   Section        0  misc.o(i.SysTick_CLKSourceConfig)
    i.SysTick_Handler                        0x08001270   Section        0  stm32f10x_it.o(i.SysTick_Handler)
    i.Sys_DelayUs                            0x08001272   Section        0  delay.o(i.Sys_DelayUs)
    i.Sys_delay_ms                           0x08001296   Section        0  delay.o(i.Sys_delay_ms)
    i.SystemInit                             0x080012ac   Section        0  system_stm32f10x.o(i.SystemInit)
    i.TIM2_IRQHandler                        0x0800130c   Section        0  drvfreq.o(i.TIM2_IRQHandler)
    i.TIM3_IRQHandler                        0x08001330   Section        0  drvfreq.o(i.TIM3_IRQHandler)
    i.TIM5_IRQHandler                        0x0800135c   Section        0  drvfreq.o(i.TIM5_IRQHandler)
    i.TIM_ClearITPendingBit                  0x08001450   Section        0  stm32f10x_tim.o(i.TIM_ClearITPendingBit)
    i.TIM_GetCapture1                        0x08001456   Section        0  stm32f10x_tim.o(i.TIM_GetCapture1)
    i.TIM_GetCounter                         0x0800145c   Section        0  stm32f10x_tim.o(i.TIM_GetCounter)
    i.TIM_GetITStatus                        0x08001462   Section        0  stm32f10x_tim.o(i.TIM_GetITStatus)
    i.USART1_IRQHandler                      0x08001484   Section        0  drvuart.o(i.USART1_IRQHandler)
    i.USART_ClearITPendingBit                0x080014a8   Section        0  stm32f10x_usart.o(i.USART_ClearITPendingBit)
    i.USART_Cmd                              0x080014c6   Section        0  stm32f10x_usart.o(i.USART_Cmd)
    i.USART_GetFlagStatus                    0x080014de   Section        0  stm32f10x_usart.o(i.USART_GetFlagStatus)
    i.USART_GetITStatus                      0x080014f8   Section        0  stm32f10x_usart.o(i.USART_GetITStatus)
    i.USART_ITConfig                         0x0800154c   Section        0  stm32f10x_usart.o(i.USART_ITConfig)
    i.USART_Init                             0x08001598   Section        0  stm32f10x_usart.o(i.USART_Init)
    i.USART_ReceiveData                      0x08001670   Section        0  stm32f10x_usart.o(i.USART_ReceiveData)
    i.USART_SendData                         0x0800167a   Section        0  stm32f10x_usart.o(i.USART_SendData)
    i.UsageFault_Handler                     0x08001682   Section        0  stm32f10x_it.o(i.UsageFault_Handler)
    i.W25_WriteReadBytes                     0x08001688   Section        0  app_flash.o(i.W25_WriteReadBytes)
    i.__0printf                              0x0800187c   Section        0  printfa.o(i.__0printf)
    i.__scatterload_copy                     0x0800189c   Section       14  handlers.o(i.__scatterload_copy)
    i.__scatterload_null                     0x080018aa   Section        2  handlers.o(i.__scatterload_null)
    i.__scatterload_zeroinit                 0x080018ac   Section       14  handlers.o(i.__scatterload_zeroinit)
    i._fp_digits                             0x080018bc   Section        0  printfa.o(i._fp_digits)
    _fp_digits                               0x080018bd   Thumb Code   366  printfa.o(i._fp_digits)
    i._printf_core                           0x08001a40   Section        0  printfa.o(i._printf_core)
    _printf_core                             0x08001a41   Thumb Code  1744  printfa.o(i._printf_core)
    i._printf_post_padding                   0x0800211c   Section        0  printfa.o(i._printf_post_padding)
    _printf_post_padding                     0x0800211d   Thumb Code    36  printfa.o(i._printf_post_padding)
    i._printf_pre_padding                    0x08002140   Section        0  printfa.o(i._printf_pre_padding)
    _printf_pre_padding                      0x08002141   Thumb Code    46  printfa.o(i._printf_pre_padding)
    i.delay_init                             0x08002170   Section        0  delay.o(i.delay_init)
    i.delay_ms                               0x080021b4   Section        0  delay.o(i.delay_ms)
    i.exti_config                            0x08002200   Section        0  drvexti.o(i.exti_config)
    exti_config                              0x08002201   Thumb Code    48  drvexti.o(i.exti_config)
    i.exti_gpio_config                       0x08002230   Section        0  drvexti.o(i.exti_gpio_config)
    exti_gpio_config                         0x08002231   Thumb Code    32  drvexti.o(i.exti_gpio_config)
    i.exti_init                              0x08002254   Section        0  drvexti.o(i.exti_init)
    i.exti_nvic_config                       0x08002268   Section        0  drvexti.o(i.exti_nvic_config)
    exti_nvic_config                         0x08002269   Thumb Code    32  drvexti.o(i.exti_nvic_config)
    i.fputc                                  0x08002288   Section        0  drvuart.o(i.fputc)
    i.hal_spi_recv_bytes                     0x0800229a   Section        0  hal_spi.o(i.hal_spi_recv_bytes)
    i.hal_spi_send_bytes                     0x080022d6   Section        0  hal_spi.o(i.hal_spi_send_bytes)
    i.main                                   0x08002310   Section        0  main.o(i.main)
    i.oled_dis_clear                         0x080023c8   Section        0  drvoled.o(i.oled_dis_clear)
    i.oled_dis_logo                          0x0800240c   Section        0  drvoled.o(i.oled_dis_logo)
    i.oled_gpio_init                         0x08002454   Section        0  drvoled.o(i.oled_gpio_init)
    oled_gpio_init                           0x08002455   Thumb Code    46  drvoled.o(i.oled_gpio_init)
    i.oled_init                              0x08002488   Section        0  drvoled.o(i.oled_init)
    i.oled_set_pos                           0x080025a4   Section        0  drvoled.o(i.oled_set_pos)
    i.oled_write_byte                        0x080025d2   Section        0  drvoled.o(i.oled_write_byte)
    oled_write_byte                          0x080025d3   Thumb Code    14  drvoled.o(i.oled_write_byte)
    i.oled_write_operate                     0x080025e0   Section        0  drvoled.o(i.oled_write_operate)
    oled_write_operate                       0x080025e1   Thumb Code    50  drvoled.o(i.oled_write_operate)
    i.spi_flash_gpio_init                    0x08002618   Section        0  hardware_spi.o(i.spi_flash_gpio_init)
    i.spi_flash_read_id                      0x0800264c   Section        0  hardware_spi.o(i.spi_flash_read_id)
    i.spi_gpio_init                          0x080026cc   Section        0  hardware_spi.o(i.spi_gpio_init)
    i.spi_master_init                        0x08002720   Section        0  hardware_spi.o(i.spi_master_init)
    i.spi_master_recv_some_bytes             0x08002788   Section        0  hardware_spi.o(i.spi_master_recv_some_bytes)
    i.spi_master_send_recv_byte              0x080027b0   Section        0  hardware_spi.o(i.spi_master_send_recv_byte)
    i.spi_master_send_some_bytes             0x0800280c   Section        0  hardware_spi.o(i.spi_master_send_some_bytes)
    i.uart_config                            0x08002830   Section        0  drvuart.o(i.uart_config)
    uart_config                              0x08002831   Thumb Code   286  drvuart.o(i.uart_config)
    i.uart_gpio_init                         0x08002964   Section        0  drvuart.o(i.uart_gpio_init)
    uart_gpio_init                           0x08002965   Thumb Code   308  drvuart.o(i.uart_gpio_init)
    i.uart_init                              0x08002aa8   Section        0  drvuart.o(i.uart_init)
    i.uart_irq_set                           0x08002b44   Section        0  drvuart.o(i.uart_irq_set)
    uart_irq_set                             0x08002b45   Thumb Code   238  drvuart.o(i.uart_irq_set)
    i.uart_recv_byte                         0x08002c48   Section        0  drvuart.o(i.uart_recv_byte)
    i.uart_recv_serial_bytes                 0x08002d04   Section        0  drvuart.o(i.uart_recv_serial_bytes)
    i.uart_send_byte                         0x08002d2c   Section        0  drvuart.o(i.uart_send_byte)
    i.uart_send_serial_bytes                 0x08002de8   Section        0  drvuart.o(i.uart_send_serial_bytes)
    i.uart_test                              0x08002e0c   Section        0  drvuart.o(i.uart_test)
    .constdata                               0x08002e50   Section     5144  drvoled.o(.constdata)
    .data                                    0x20000000   Section        4  main.o(.data)
    .data                                    0x20000004   Section        9  app_flash.o(.data)
    .data                                    0x20000010   Section        8  variable.o(.data)
    .data                                    0x20000018   Section        4  delay.o(.data)
    fac_us                                   0x20000018   Data           1  delay.o(.data)
    fac_ms                                   0x2000001a   Data           2  delay.o(.data)
    .data                                    0x2000001c   Section        6  usart.o(.data)
    .data                                    0x20000022   Section        1  drvexti.o(.data)
    .data                                    0x20000024   Section       19  drvfreq.o(.data)
    .data                                    0x20000038   Section       20  system_stm32f10x.o(.data)
    .data                                    0x2000004c   Section       20  stm32f10x_rcc.o(.data)
    APBAHBPrescTable                         0x2000004c   Data          16  stm32f10x_rcc.o(.data)
    ADCPrescTable                            0x2000005c   Data           4  stm32f10x_rcc.o(.data)
    .bss                                     0x20000060   Section      256  app_flash.o(.bss)
    .bss                                     0x20000160   Section     4096  variable.o(.bss)
    STACK                                    0x20001160   Section     1024  startup_stm32f10x_hd.o(STACK)

    Global Symbols

    Symbol Name                              Value     Ov Type        Size  Object(Section)

    BuildAttributes$$THM_ISAv4$P$D$K$B$S$PE$A:L22UL41UL21$X:L11$S22US41US21$IEEE1$IW$USESV6$~STKCKD$USESV7$~SHL$OTIME$ROPI$EBA8$MICROLIB$REQ8$PRES8$EABIv2 0x00000000   Number         0  anon$$obj.o ABSOLUTE
    __ARM_use_no_argv                        0x00000000   Number         0  main.o ABSOLUTE
    __use_no_errno                           0x00000000   Number         0  useno.o ABSOLUTE
    __use_no_exception_handling              0x00000000   Number         0  useno.o ABSOLUTE
    __use_no_fp                              0x00000000   Number         0  useno.o ABSOLUTE
    __use_no_heap                            0x00000000   Number         0  useno.o ABSOLUTE
    __use_no_heap_region                     0x00000000   Number         0  useno.o ABSOLUTE
    __use_no_semihosting                     0x00000000   Number         0  useno.o ABSOLUTE
    __use_no_semihosting_swi                 0x00000000   Number         0  useno.o ABSOLUTE
    __use_no_signal_handling                 0x00000000   Number         0  useno.o ABSOLUTE
    _printf_a                                0x00000000   Number         0  stubs.o ABSOLUTE
    _printf_c                                0x00000000   Number         0  stubs.o ABSOLUTE
    _printf_charcount                        0x00000000   Number         0  stubs.o ABSOLUTE
    _printf_d                                0x00000000   Number         0  stubs.o ABSOLUTE
    _printf_e                                0x00000000   Number         0  stubs.o ABSOLUTE
    _printf_f                                0x00000000   Number         0  stubs.o ABSOLUTE
    _printf_flags                            0x00000000   Number         0  stubs.o ABSOLUTE
    _printf_fp_dec                           0x00000000   Number         0  stubs.o ABSOLUTE
    _printf_fp_hex                           0x00000000   Number         0  stubs.o ABSOLUTE
    _printf_g                                0x00000000   Number         0  stubs.o ABSOLUTE
    _printf_i                                0x00000000   Number         0  stubs.o ABSOLUTE
    _printf_int_dec                          0x00000000   Number         0  stubs.o ABSOLUTE
    _printf_l                                0x00000000   Number         0  stubs.o ABSOLUTE
    _printf_lc                               0x00000000   Number         0  stubs.o ABSOLUTE
    _printf_ll                               0x00000000   Number         0  stubs.o ABSOLUTE
    _printf_lld                              0x00000000   Number         0  stubs.o ABSOLUTE
    _printf_lli                              0x00000000   Number         0  stubs.o ABSOLUTE
    _printf_llo                              0x00000000   Number         0  stubs.o ABSOLUTE
    _printf_llu                              0x00000000   Number         0  stubs.o ABSOLUTE
    _printf_llx                              0x00000000   Number         0  stubs.o ABSOLUTE
    _printf_longlong_dec                     0x00000000   Number         0  stubs.o ABSOLUTE
    _printf_longlong_hex                     0x00000000   Number         0  stubs.o ABSOLUTE
    _printf_longlong_oct                     0x00000000   Number         0  stubs.o ABSOLUTE
    _printf_ls                               0x00000000   Number         0  stubs.o ABSOLUTE
    _printf_mbtowc                           0x00000000   Number         0  stubs.o ABSOLUTE
    _printf_n                                0x00000000   Number         0  stubs.o ABSOLUTE
    _printf_o                                0x00000000   Number         0  stubs.o ABSOLUTE
    _printf_p                                0x00000000   Number         0  stubs.o ABSOLUTE
    _printf_percent                          0x00000000   Number         0  stubs.o ABSOLUTE
    _printf_pre_padding                      0x00000000   Number         0  stubs.o ABSOLUTE
    _printf_return_value                     0x00000000   Number         0  stubs.o ABSOLUTE
    _printf_s                                0x00000000   Number         0  stubs.o ABSOLUTE
    _printf_sizespec                         0x00000000   Number         0  stubs.o ABSOLUTE
    _printf_str                              0x00000000   Number         0  stubs.o ABSOLUTE
    _printf_truncate_signed                  0x00000000   Number         0  stubs.o ABSOLUTE
    _printf_truncate_unsigned                0x00000000   Number         0  stubs.o ABSOLUTE
    _printf_u                                0x00000000   Number         0  stubs.o ABSOLUTE
    _printf_wc                               0x00000000   Number         0  stubs.o ABSOLUTE
    _printf_wctomb                           0x00000000   Number         0  stubs.o ABSOLUTE
    _printf_widthprec                        0x00000000   Number         0  stubs.o ABSOLUTE
    _printf_x                                0x00000000   Number         0  stubs.o ABSOLUTE
    __cpp_initialize__aeabi_                  - Undefined Weak Reference
    __cxa_finalize                            - Undefined Weak Reference
    __decompress                              - Undefined Weak Reference
    _clock_init                               - Undefined Weak Reference
    _microlib_exit                            - Undefined Weak Reference
    __Vectors_Size                           0x00000130   Number         0  startup_stm32f10x_hd.o ABSOLUTE
    __Vectors                                0x08000000   Data           4  startup_stm32f10x_hd.o(RESET)
    __Vectors_End                            0x08000130   Data           0  startup_stm32f10x_hd.o(RESET)
    __main                                   0x08000131   Thumb Code     0  entry.o(.ARM.Collect$$$$00000000)
    _main_stk                                0x08000131   Thumb Code     0  entry2.o(.ARM.Collect$$$$00000001)
    _main_scatterload                        0x08000135   Thumb Code     0  entry5.o(.ARM.Collect$$$$00000004)
    __main_after_scatterload                 0x08000139   Thumb Code     0  entry5.o(.ARM.Collect$$$$00000004)
    _main_clock                              0x08000139   Thumb Code     0  entry7b.o(.ARM.Collect$$$$00000008)
    _main_cpp_init                           0x08000139   Thumb Code     0  entry8b.o(.ARM.Collect$$$$0000000A)
    _main_init                               0x08000139   Thumb Code     0  entry9a.o(.ARM.Collect$$$$0000000B)
    __rt_final_cpp                           0x08000141   Thumb Code     0  entry10a.o(.ARM.Collect$$$$0000000D)
    __rt_final_exit                          0x08000141   Thumb Code     0  entry11a.o(.ARM.Collect$$$$0000000F)
    Reset_Handler                            0x08000145   Thumb Code     8  startup_stm32f10x_hd.o(.text)
    ADC1_2_IRQHandler                        0x0800015f   Thumb Code     0  startup_stm32f10x_hd.o(.text)
    ADC3_IRQHandler                          0x0800015f   Thumb Code     0  startup_stm32f10x_hd.o(.text)
    CAN1_RX1_IRQHandler                      0x0800015f   Thumb Code     0  startup_stm32f10x_hd.o(.text)
    CAN1_SCE_IRQHandler                      0x0800015f   Thumb Code     0  startup_stm32f10x_hd.o(.text)
    DMA1_Channel1_IRQHandler                 0x0800015f   Thumb Code     0  startup_stm32f10x_hd.o(.text)
    DMA1_Channel2_IRQHandler                 0x0800015f   Thumb Code     0  startup_stm32f10x_hd.o(.text)
    DMA1_Channel3_IRQHandler                 0x0800015f   Thumb Code     0  startup_stm32f10x_hd.o(.text)
    DMA1_Channel4_IRQHandler                 0x0800015f   Thumb Code     0  startup_stm32f10x_hd.o(.text)
    DMA1_Channel5_IRQHandler                 0x0800015f   Thumb Code     0  startup_stm32f10x_hd.o(.text)
    DMA1_Channel6_IRQHandler                 0x0800015f   Thumb Code     0  startup_stm32f10x_hd.o(.text)
    DMA1_Channel7_IRQHandler                 0x0800015f   Thumb Code     0  startup_stm32f10x_hd.o(.text)
    DMA2_Channel1_IRQHandler                 0x0800015f   Thumb Code     0  startup_stm32f10x_hd.o(.text)
    DMA2_Channel2_IRQHandler                 0x0800015f   Thumb Code     0  startup_stm32f10x_hd.o(.text)
    DMA2_Channel3_IRQHandler                 0x0800015f   Thumb Code     0  startup_stm32f10x_hd.o(.text)
    DMA2_Channel4_5_IRQHandler               0x0800015f   Thumb Code     0  startup_stm32f10x_hd.o(.text)
    EXTI15_10_IRQHandler                     0x0800015f   Thumb Code     0  startup_stm32f10x_hd.o(.text)
    EXTI1_IRQHandler                         0x0800015f   Thumb Code     0  startup_stm32f10x_hd.o(.text)
    EXTI2_IRQHandler                         0x0800015f   Thumb Code     0  startup_stm32f10x_hd.o(.text)
    EXTI3_IRQHandler                         0x0800015f   Thumb Code     0  startup_stm32f10x_hd.o(.text)
    EXTI4_IRQHandler                         0x0800015f   Thumb Code     0  startup_stm32f10x_hd.o(.text)
    EXTI9_5_IRQHandler                       0x0800015f   Thumb Code     0  startup_stm32f10x_hd.o(.text)
    FLASH_IRQHandler                         0x0800015f   Thumb Code     0  startup_stm32f10x_hd.o(.text)
    FSMC_IRQHandler                          0x0800015f   Thumb Code     0  startup_stm32f10x_hd.o(.text)
    I2C1_ER_IRQHandler                       0x0800015f   Thumb Code     0  startup_stm32f10x_hd.o(.text)
    I2C1_EV_IRQHandler                       0x0800015f   Thumb Code     0  startup_stm32f10x_hd.o(.text)
    I2C2_ER_IRQHandler                       0x0800015f   Thumb Code     0  startup_stm32f10x_hd.o(.text)
    I2C2_EV_IRQHandler                       0x0800015f   Thumb Code     0  startup_stm32f10x_hd.o(.text)
    PVD_IRQHandler                           0x0800015f   Thumb Code     0  startup_stm32f10x_hd.o(.text)
    RCC_IRQHandler                           0x0800015f   Thumb Code     0  startup_stm32f10x_hd.o(.text)
    RTCAlarm_IRQHandler                      0x0800015f   Thumb Code     0  startup_stm32f10x_hd.o(.text)
    RTC_IRQHandler                           0x0800015f   Thumb Code     0  startup_stm32f10x_hd.o(.text)
    SDIO_IRQHandler                          0x0800015f   Thumb Code     0  startup_stm32f10x_hd.o(.text)
    SPI2_IRQHandler                          0x0800015f   Thumb Code     0  startup_stm32f10x_hd.o(.text)
    SPI3_IRQHandler                          0x0800015f   Thumb Code     0  startup_stm32f10x_hd.o(.text)
    TAMPER_IRQHandler                        0x0800015f   Thumb Code     0  startup_stm32f10x_hd.o(.text)
    TIM1_BRK_IRQHandler                      0x0800015f   Thumb Code     0  startup_stm32f10x_hd.o(.text)
    TIM1_CC_IRQHandler                       0x0800015f   Thumb Code     0  startup_stm32f10x_hd.o(.text)
    TIM1_TRG_COM_IRQHandler                  0x0800015f   Thumb Code     0  startup_stm32f10x_hd.o(.text)
    TIM1_UP_IRQHandler                       0x0800015f   Thumb Code     0  startup_stm32f10x_hd.o(.text)
    TIM4_IRQHandler                          0x0800015f   Thumb Code     0  startup_stm32f10x_hd.o(.text)
    TIM6_IRQHandler                          0x0800015f   Thumb Code     0  startup_stm32f10x_hd.o(.text)
    TIM7_IRQHandler                          0x0800015f   Thumb Code     0  startup_stm32f10x_hd.o(.text)
    TIM8_BRK_IRQHandler                      0x0800015f   Thumb Code     0  startup_stm32f10x_hd.o(.text)
    TIM8_CC_IRQHandler                       0x0800015f   Thumb Code     0  startup_stm32f10x_hd.o(.text)
    TIM8_TRG_COM_IRQHandler                  0x0800015f   Thumb Code     0  startup_stm32f10x_hd.o(.text)
    TIM8_UP_IRQHandler                       0x0800015f   Thumb Code     0  startup_stm32f10x_hd.o(.text)
    UART4_IRQHandler                         0x0800015f   Thumb Code     0  startup_stm32f10x_hd.o(.text)
    UART5_IRQHandler                         0x0800015f   Thumb Code     0  startup_stm32f10x_hd.o(.text)
    USART2_IRQHandler                        0x0800015f   Thumb Code     0  startup_stm32f10x_hd.o(.text)
    USART3_IRQHandler                        0x0800015f   Thumb Code     0  startup_stm32f10x_hd.o(.text)
    USBWakeUp_IRQHandler                     0x0800015f   Thumb Code     0  startup_stm32f10x_hd.o(.text)
    USB_HP_CAN1_TX_IRQHandler                0x0800015f   Thumb Code     0  startup_stm32f10x_hd.o(.text)
    USB_LP_CAN1_RX0_IRQHandler               0x0800015f   Thumb Code     0  startup_stm32f10x_hd.o(.text)
    WWDG_IRQHandler                          0x0800015f   Thumb Code     0  startup_stm32f10x_hd.o(.text)
    __aeabi_dadd                             0x08000169   Thumb Code   322  dadd.o(.text)
    __aeabi_dsub                             0x080002ab   Thumb Code     6  dadd.o(.text)
    __aeabi_drsub                            0x080002b1   Thumb Code     6  dadd.o(.text)
    __aeabi_dmul                             0x080002b7   Thumb Code   228  dmul.o(.text)
    __aeabi_ddiv                             0x0800039b   Thumb Code   222  ddiv.o(.text)
    __aeabi_uidiv                            0x08000479   Thumb Code     0  uidiv.o(.text)
    __aeabi_uidivmod                         0x08000479   Thumb Code    44  uidiv.o(.text)
    __aeabi_uldivmod                         0x080004a5   Thumb Code    98  uldiv.o(.text)
    __aeabi_llsl                             0x08000507   Thumb Code    30  llshl.o(.text)
    _ll_shift_l                              0x08000507   Thumb Code     0  llshl.o(.text)
    __aeabi_llsr                             0x08000525   Thumb Code    32  llushr.o(.text)
    _ll_ushift_r                             0x08000525   Thumb Code     0  llushr.o(.text)
    __aeabi_lasr                             0x08000545   Thumb Code    36  llsshr.o(.text)
    _ll_sshift_r                             0x08000545   Thumb Code     0  llsshr.o(.text)
    __I$use$fp                               0x08000569   Thumb Code     0  iusefp.o(.text)
    _double_round                            0x08000569   Thumb Code    30  depilogue.o(.text)
    _double_epilogue                         0x08000587   Thumb Code   156  depilogue.o(.text)
    __aeabi_d2ulz                            0x08000623   Thumb Code    48  dfixul.o(.text)
    __aeabi_cdrcmple                         0x08000655   Thumb Code    48  cdrcmple.o(.text)
    __scatterload                            0x08000685   Thumb Code    28  init.o(.text)
    __scatterload_rt2                        0x08000685   Thumb Code     0  init.o(.text)
    Bsp_LedInit                              0x080006a9   Thumb Code    84  drvled.o(i.Bsp_LedInit)
    Bsp_LedOff                               0x08000705   Thumb Code    32  drvled.o(i.Bsp_LedOff)
    Bsp_LedOn                                0x0800072d   Thumb Code    32  drvled.o(i.Bsp_LedOn)
    BusFault_Handler                         0x08000755   Thumb Code     4  stm32f10x_it.o(i.BusFault_Handler)
    DebugMon_Handler                         0x08000759   Thumb Code     2  stm32f10x_it.o(i.DebugMon_Handler)
    EXTI0_IRQHandler                         0x0800075d   Thumb Code    70  drvexti.o(i.EXTI0_IRQHandler)
    EXTI_ClearITPendingBit                   0x080007a9   Thumb Code     6  stm32f10x_exti.o(i.EXTI_ClearITPendingBit)
    EXTI_GetITStatus                         0x080007b5   Thumb Code    34  stm32f10x_exti.o(i.EXTI_GetITStatus)
    EXTI_Init                                0x080007dd   Thumb Code   142  stm32f10x_exti.o(i.EXTI_Init)
    Flash_EraseSector                        0x08000871   Thumb Code   106  drvexflash.o(i.Flash_EraseSector)
    Flash_ReadJEDECID                        0x080008e1   Thumb Code    74  drvexflash.o(i.Flash_ReadJEDECID)
    Flash_ReadSR                             0x08000931   Thumb Code    52  drvexflash.o(i.Flash_ReadSR)
    Flash_ReadSomeBytes                      0x08000969   Thumb Code   106  drvexflash.o(i.Flash_ReadSomeBytes)
    Flash_TestDataInit                       0x080009d9   Thumb Code    56  app_flash.o(i.Flash_TestDataInit)
    Flash_WaitNobusy                         0x08000a19   Thumb Code    18  drvexflash.o(i.Flash_WaitNobusy)
    Flash_WriteDisable                       0x08000a2d   Thumb Code    34  drvexflash.o(i.Flash_WriteDisable)
    Flash_WriteEnable                        0x08000a55   Thumb Code    34  drvexflash.o(i.Flash_WriteEnable)
    Flash_WriteNoCheck                       0x08000a7d   Thumb Code    70  drvexflash.o(i.Flash_WriteNoCheck)
    Flash_WritePage                          0x08000ac5   Thumb Code   118  drvexflash.o(i.Flash_WritePage)
    Flash_WriteSomeBytes                     0x08000b41   Thumb Code   186  drvexflash.o(i.Flash_WriteSomeBytes)
    GPIO_EXTILineConfig                      0x08000c01   Thumb Code    60  stm32f10x_gpio.o(i.GPIO_EXTILineConfig)
    GPIO_Init                                0x08000c41   Thumb Code   278  stm32f10x_gpio.o(i.GPIO_Init)
    GPIO_ReadInputDataBit                    0x08000d57   Thumb Code    18  stm32f10x_gpio.o(i.GPIO_ReadInputDataBit)
    GPIO_ResetBits                           0x08000d69   Thumb Code     4  stm32f10x_gpio.o(i.GPIO_ResetBits)
    GPIO_SetBits                             0x08000d6d   Thumb Code     4  stm32f10x_gpio.o(i.GPIO_SetBits)
    HardFault_Handler                        0x08000d71   Thumb Code     4  stm32f10x_it.o(i.HardFault_Handler)
    Hardware_AllInit                         0x08000d75   Thumb Code    90  main.o(i.Hardware_AllInit)
    MemManage_Handler                        0x08000e1d   Thumb Code     4  stm32f10x_it.o(i.MemManage_Handler)
    NMI_Handler                              0x08000e21   Thumb Code     2  stm32f10x_it.o(i.NMI_Handler)
    NVIC_Init                                0x08000e25   Thumb Code   100  misc.o(i.NVIC_Init)
    NVIC_PriorityGroupConfig                 0x08000e95   Thumb Code    10  misc.o(i.NVIC_PriorityGroupConfig)
    PendSV_Handler                           0x08000ea9   Thumb Code     2  stm32f10x_it.o(i.PendSV_Handler)
    RCC_APB2PeriphClockCmd                   0x08000ead   Thumb Code    26  stm32f10x_rcc.o(i.RCC_APB2PeriphClockCmd)
    RCC_GetClocksFreq                        0x08000ecd   Thumb Code   192  stm32f10x_rcc.o(i.RCC_GetClocksFreq)
    SPI1_IRQHandler                          0x08000fa1   Thumb Code    70  hardware_spi.o(i.SPI1_IRQHandler)
    SPI_Cmd                                  0x08000ff5   Thumb Code    24  stm32f10x_spi.o(i.SPI_Cmd)
    SPI_I2S_ClearITPendingBit                0x0800100d   Thumb Code    20  stm32f10x_spi.o(i.SPI_I2S_ClearITPendingBit)
    SPI_I2S_GetFlagStatus                    0x08001021   Thumb Code    18  stm32f10x_spi.o(i.SPI_I2S_GetFlagStatus)
    SPI_I2S_GetITStatus                      0x08001033   Thumb Code    52  stm32f10x_spi.o(i.SPI_I2S_GetITStatus)
    SPI_I2S_ITConfig                         0x08001067   Thumb Code    32  stm32f10x_spi.o(i.SPI_I2S_ITConfig)
    SPI_I2S_ReceiveData                      0x08001087   Thumb Code     6  stm32f10x_spi.o(i.SPI_I2S_ReceiveData)
    SPI_I2S_SendData                         0x0800108d   Thumb Code     4  stm32f10x_spi.o(i.SPI_I2S_SendData)
    SPI_Init                                 0x08001091   Thumb Code    60  stm32f10x_spi.o(i.SPI_Init)
    SVC_Handler                              0x080010cd   Thumb Code     2  stm32f10x_it.o(i.SVC_Handler)
    Spi_ReadByte                             0x080011b9   Thumb Code    70  drvsfspi.o(i.Spi_ReadByte)
    Spi_WriteByte                            0x08001205   Thumb Code    64  drvsfspi.o(i.Spi_WriteByte)
    SysTick_CLKSourceConfig                  0x08001249   Thumb Code    40  misc.o(i.SysTick_CLKSourceConfig)
    SysTick_Handler                          0x08001271   Thumb Code     2  stm32f10x_it.o(i.SysTick_Handler)
    Sys_DelayUs                              0x08001273   Thumb Code    36  delay.o(i.Sys_DelayUs)
    Sys_delay_ms                             0x08001297   Thumb Code    22  delay.o(i.Sys_delay_ms)
    SystemInit                               0x080012ad   Thumb Code    78  system_stm32f10x.o(i.SystemInit)
    TIM2_IRQHandler                          0x0800130d   Thumb Code    32  drvfreq.o(i.TIM2_IRQHandler)
    TIM3_IRQHandler                          0x08001331   Thumb Code    34  drvfreq.o(i.TIM3_IRQHandler)
    TIM5_IRQHandler                          0x0800135d   Thumb Code   220  drvfreq.o(i.TIM5_IRQHandler)
    TIM_ClearITPendingBit                    0x08001451   Thumb Code     6  stm32f10x_tim.o(i.TIM_ClearITPendingBit)
    TIM_GetCapture1                          0x08001457   Thumb Code     6  stm32f10x_tim.o(i.TIM_GetCapture1)
    TIM_GetCounter                           0x0800145d   Thumb Code     6  stm32f10x_tim.o(i.TIM_GetCounter)
    TIM_GetITStatus                          0x08001463   Thumb Code    34  stm32f10x_tim.o(i.TIM_GetITStatus)
    USART1_IRQHandler                        0x08001485   Thumb Code    32  drvuart.o(i.USART1_IRQHandler)
    USART_ClearITPendingBit                  0x080014a9   Thumb Code    30  stm32f10x_usart.o(i.USART_ClearITPendingBit)
    USART_Cmd                                0x080014c7   Thumb Code    24  stm32f10x_usart.o(i.USART_Cmd)
    USART_GetFlagStatus                      0x080014df   Thumb Code    26  stm32f10x_usart.o(i.USART_GetFlagStatus)
    USART_GetITStatus                        0x080014f9   Thumb Code    84  stm32f10x_usart.o(i.USART_GetITStatus)
    USART_ITConfig                           0x0800154d   Thumb Code    74  stm32f10x_usart.o(i.USART_ITConfig)
    USART_Init                               0x08001599   Thumb Code   210  stm32f10x_usart.o(i.USART_Init)
    USART_ReceiveData                        0x08001671   Thumb Code    10  stm32f10x_usart.o(i.USART_ReceiveData)
    USART_SendData                           0x0800167b   Thumb Code     8  stm32f10x_usart.o(i.USART_SendData)
    UsageFault_Handler                       0x08001683   Thumb Code     4  stm32f10x_it.o(i.UsageFault_Handler)
    W25_WriteReadBytes                       0x08001689   Thumb Code   262  app_flash.o(i.W25_WriteReadBytes)
    __0printf                                0x0800187d   Thumb Code    22  printfa.o(i.__0printf)
    __1printf                                0x0800187d   Thumb Code     0  printfa.o(i.__0printf)
    __2printf                                0x0800187d   Thumb Code     0  printfa.o(i.__0printf)
    __c89printf                              0x0800187d   Thumb Code     0  printfa.o(i.__0printf)
    printf                                   0x0800187d   Thumb Code     0  printfa.o(i.__0printf)
    __scatterload_copy                       0x0800189d   Thumb Code    14  handlers.o(i.__scatterload_copy)
    __scatterload_null                       0x080018ab   Thumb Code     2  handlers.o(i.__scatterload_null)
    __scatterload_zeroinit                   0x080018ad   Thumb Code    14  handlers.o(i.__scatterload_zeroinit)
    delay_init                               0x08002171   Thumb Code    50  delay.o(i.delay_init)
    delay_ms                                 0x080021b5   Thumb Code    72  delay.o(i.delay_ms)
    exti_init                                0x08002255   Thumb Code    20  drvexti.o(i.exti_init)
    fputc                                    0x08002289   Thumb Code    18  drvuart.o(i.fputc)
    hal_spi_recv_bytes                       0x0800229b   Thumb Code    60  hal_spi.o(i.hal_spi_recv_bytes)
    hal_spi_send_bytes                       0x080022d7   Thumb Code    58  hal_spi.o(i.hal_spi_send_bytes)
    main                                     0x08002311   Thumb Code    82  main.o(i.main)
    oled_dis_clear                           0x080023c9   Thumb Code    68  drvoled.o(i.oled_dis_clear)
    oled_dis_logo                            0x0800240d   Thumb Code    68  drvoled.o(i.oled_dis_logo)
    oled_init                                0x08002489   Thumb Code   280  drvoled.o(i.oled_init)
    oled_set_pos                             0x080025a5   Thumb Code    46  drvoled.o(i.oled_set_pos)
    spi_flash_gpio_init                      0x08002619   Thumb Code    46  hardware_spi.o(i.spi_flash_gpio_init)
    spi_flash_read_id                        0x0800264d   Thumb Code   100  hardware_spi.o(i.spi_flash_read_id)
    spi_gpio_init                            0x080026cd   Thumb Code    78  hardware_spi.o(i.spi_gpio_init)
    spi_master_init                          0x08002721   Thumb Code   100  hardware_spi.o(i.spi_master_init)
    spi_master_recv_some_bytes               0x08002789   Thumb Code    40  hardware_spi.o(i.spi_master_recv_some_bytes)
    spi_master_send_recv_byte                0x080027b1   Thumb Code    88  hardware_spi.o(i.spi_master_send_recv_byte)
    spi_master_send_some_bytes               0x0800280d   Thumb Code    36  hardware_spi.o(i.spi_master_send_some_bytes)
    uart_init                                0x08002aa9   Thumb Code   144  drvuart.o(i.uart_init)
    uart_recv_byte                           0x08002c49   Thumb Code   156  drvuart.o(i.uart_recv_byte)
    uart_recv_serial_bytes                   0x08002d05   Thumb Code    38  drvuart.o(i.uart_recv_serial_bytes)
    uart_send_byte                           0x08002d2d   Thumb Code   156  drvuart.o(i.uart_send_byte)
    uart_send_serial_bytes                   0x08002de9   Thumb Code    36  drvuart.o(i.uart_send_serial_bytes)
    uart_test                                0x08002e0d   Thumb Code    58  drvuart.o(i.uart_test)
    F6x8                                     0x08002e50   Data         552  drvoled.o(.constdata)
    F8X16                                    0x08003078   Data        1520  drvoled.o(.constdata)
    myBitmap                                 0x08003668   Data        1024  drvoled.o(.constdata)
    dis_battery_buff                         0x08003a68   Data        1024  drvoled.o(.constdata)
    dis_tmp_buff                             0x08003e68   Data        1024  drvoled.o(.constdata)
    Region$$Table$$Base                      0x08004268   Number         0  anon$$obj.o(Region$$Table)
    Region$$Table$$Limit                     0x08004288   Number         0  anon$$obj.o(Region$$Table)
    ulFlashIdVal                             0x20000000   Data           4  main.o(.data)
    g_WriteReadcnt                           0x20000004   Data           2  app_flash.o(.data)
    g_Count                                  0x20000008   Data           2  app_flash.o(.data)
    g_ucPos                                  0x2000000c   Data           1  app_flash.o(.data)
    g_SpiId                                  0x20000010   Data           2  variable.o(.data)
    g_SpiTxRxLen                             0x20000014   Data           2  variable.o(.data)
    g_timer3_tick                            0x20000016   Data           2  variable.o(.data)
    __stdout                                 0x2000001c   Data           4  usart.o(.data)
    USART_RX_STA                             0x20000020   Data           2  usart.o(.data)
    g_exti_cnt                               0x20000022   Data           1  drvexti.o(.data)
    g_over_time                              0x20000024   Data           4  drvfreq.o(.data)
    g_cnt_value                              0x20000028   Data           4  drvfreq.o(.data)
    g_timer_cap_value                        0x2000002c   Data           4  drvfreq.o(.data)
    g_cap_value1                             0x20000030   Data           2  drvfreq.o(.data)
    g_cap_value2                             0x20000032   Data           2  drvfreq.o(.data)
    TIM_CAP_STA                              0x20000034   Data           1  drvfreq.o(.data)
    g_freq_flag                              0x20000035   Data           1  drvfreq.o(.data)
    g_cap_cnt                                0x20000036   Data           1  drvfreq.o(.data)
    SystemCoreClock                          0x20000038   Data           4  system_stm32f10x.o(.data)
    AHBPrescTable                            0x2000003c   Data          16  system_stm32f10x.o(.data)
    g_WriteData                              0x20000060   Data         256  app_flash.o(.bss)
    g_DataTmpBuffer                          0x20000160   Data        4096  variable.o(.bss)
    __initial_sp                             0x20001560   Data           0  startup_stm32f10x_hd.o(STACK)



==============================================================================

Memory Map of the image

  Image Entry point : 0x08000131

  Load Region LR_IROM1 (Base: 0x08000000, Size: 0x000042e8, Max: 0x00040000, ABSOLUTE)

    Execution Region ER_IROM1 (Exec base: 0x08000000, Load base: 0x08000000, Size: 0x00004288, Max: 0x00040000, ABSOLUTE)

    Exec Addr    Load Addr    Size         Type   Attr      Idx    E Section Name        Object

    0x08000000   0x08000000   0x00000130   Data   RO         1609    RESET               startup_stm32f10x_hd.o
    0x08000130   0x08000130   0x00000000   Code   RO         4603  * .ARM.Collect$$$$00000000  mc_w.l(entry.o)
    0x08000130   0x08000130   0x00000004   Code   RO         4921    .ARM.Collect$$$$00000001  mc_w.l(entry2.o)
    0x08000134   0x08000134   0x00000004   Code   RO         4924    .ARM.Collect$$$$00000004  mc_w.l(entry5.o)
    0x08000138   0x08000138   0x00000000   Code   RO         4926    .ARM.Collect$$$$00000008  mc_w.l(entry7b.o)
    0x08000138   0x08000138   0x00000000   Code   RO         4928    .ARM.Collect$$$$0000000A  mc_w.l(entry8b.o)
    0x08000138   0x08000138   0x00000008   Code   RO         4929    .ARM.Collect$$$$0000000B  mc_w.l(entry9a.o)
    0x08000140   0x08000140   0x00000000   Code   RO         4931    .ARM.Collect$$$$0000000D  mc_w.l(entry10a.o)
    0x08000140   0x08000140   0x00000000   Code   RO         4933    .ARM.Collect$$$$0000000F  mc_w.l(entry11a.o)
    0x08000140   0x08000140   0x00000004   Code   RO         4922    .ARM.Collect$$$$00002712  mc_w.l(entry2.o)
    0x08000144   0x08000144   0x00000024   Code   RO         1610    .text               startup_stm32f10x_hd.o
    0x08000168   0x08000168   0x0000014e   Code   RO         4903    .text               mf_w.l(dadd.o)
    0x080002b6   0x080002b6   0x000000e4   Code   RO         4905    .text               mf_w.l(dmul.o)
    0x0800039a   0x0800039a   0x000000de   Code   RO         4907    .text               mf_w.l(ddiv.o)
    0x08000478   0x08000478   0x0000002c   Code   RO         4935    .text               mc_w.l(uidiv.o)
    0x080004a4   0x080004a4   0x00000062   Code   RO         4937    .text               mc_w.l(uldiv.o)
    0x08000506   0x08000506   0x0000001e   Code   RO         4939    .text               mc_w.l(llshl.o)
    0x08000524   0x08000524   0x00000020   Code   RO         4941    .text               mc_w.l(llushr.o)
    0x08000544   0x08000544   0x00000024   Code   RO         4943    .text               mc_w.l(llsshr.o)
    0x08000568   0x08000568   0x00000000   Code   RO         4951    .text               mc_w.l(iusefp.o)
    0x08000568   0x08000568   0x000000ba   Code   RO         4954    .text               mf_w.l(depilogue.o)
    0x08000622   0x08000622   0x00000030   Code   RO         4956    .text               mf_w.l(dfixul.o)
    0x08000652   0x08000652   0x00000002   PAD
    0x08000654   0x08000654   0x00000030   Code   RO         4958    .text               mf_w.l(cdrcmple.o)
    0x08000684   0x08000684   0x00000024   Code   RO         4960    .text               mc_w.l(init.o)
    0x080006a8   0x080006a8   0x0000005c   Code   RO         1226    i.Bsp_LedInit       drvled.o
    0x08000704   0x08000704   0x00000028   Code   RO         1227    i.Bsp_LedOff        drvled.o
    0x0800072c   0x0800072c   0x00000028   Code   RO         1228    i.Bsp_LedOn         drvled.o
    0x08000754   0x08000754   0x00000004   Code   RO         1510    i.BusFault_Handler  stm32f10x_it.o
    0x08000758   0x08000758   0x00000002   Code   RO         1511    i.DebugMon_Handler  stm32f10x_it.o
    0x0800075a   0x0800075a   0x00000002   PAD
    0x0800075c   0x0800075c   0x0000004c   Code   RO         1403    i.EXTI0_IRQHandler  drvexti.o
    0x080007a8   0x080007a8   0x0000000c   Code   RO         2412    i.EXTI_ClearITPendingBit  stm32f10x_exti.o
    0x080007b4   0x080007b4   0x00000028   Code   RO         2416    i.EXTI_GetITStatus  stm32f10x_exti.o
    0x080007dc   0x080007dc   0x00000094   Code   RO         2417    i.EXTI_Init         stm32f10x_exti.o
    0x08000870   0x08000870   0x00000070   Code   RO          914    i.Flash_EraseSector  drvexflash.o
    0x080008e0   0x080008e0   0x00000050   Code   RO          918    i.Flash_ReadJEDECID  drvexflash.o
    0x08000930   0x08000930   0x00000038   Code   RO          919    i.Flash_ReadSR      drvexflash.o
    0x08000968   0x08000968   0x00000070   Code   RO          920    i.Flash_ReadSomeBytes  drvexflash.o
    0x080009d8   0x080009d8   0x00000040   Code   RO          182    i.Flash_TestDataInit  app_flash.o
    0x08000a18   0x08000a18   0x00000012   Code   RO          921    i.Flash_WaitNobusy  drvexflash.o
    0x08000a2a   0x08000a2a   0x00000002   PAD
    0x08000a2c   0x08000a2c   0x00000028   Code   RO          923    i.Flash_WriteDisable  drvexflash.o
    0x08000a54   0x08000a54   0x00000028   Code   RO          924    i.Flash_WriteEnable  drvexflash.o
    0x08000a7c   0x08000a7c   0x00000046   Code   RO          925    i.Flash_WriteNoCheck  drvexflash.o
    0x08000ac2   0x08000ac2   0x00000002   PAD
    0x08000ac4   0x08000ac4   0x0000007c   Code   RO          926    i.Flash_WritePage   drvexflash.o
    0x08000b40   0x08000b40   0x000000c0   Code   RO          928    i.Flash_WriteSomeBytes  drvexflash.o
    0x08000c00   0x08000c00   0x00000040   Code   RO         2762    i.GPIO_EXTILineConfig  stm32f10x_gpio.o
    0x08000c40   0x08000c40   0x00000116   Code   RO         2765    i.GPIO_Init         stm32f10x_gpio.o
    0x08000d56   0x08000d56   0x00000012   Code   RO         2769    i.GPIO_ReadInputDataBit  stm32f10x_gpio.o
    0x08000d68   0x08000d68   0x00000004   Code   RO         2772    i.GPIO_ResetBits    stm32f10x_gpio.o
    0x08000d6c   0x08000d6c   0x00000004   Code   RO         2773    i.GPIO_SetBits      stm32f10x_gpio.o
    0x08000d70   0x08000d70   0x00000004   Code   RO         1512    i.HardFault_Handler  stm32f10x_it.o
    0x08000d74   0x08000d74   0x000000a8   Code   RO            1    i.Hardware_AllInit  main.o
    0x08000e1c   0x08000e1c   0x00000004   Code   RO         1513    i.MemManage_Handler  stm32f10x_it.o
    0x08000e20   0x08000e20   0x00000002   Code   RO         1514    i.NMI_Handler       stm32f10x_it.o
    0x08000e22   0x08000e22   0x00000002   PAD
    0x08000e24   0x08000e24   0x00000070   Code   RO         1614    i.NVIC_Init         misc.o
    0x08000e94   0x08000e94   0x00000014   Code   RO         1615    i.NVIC_PriorityGroupConfig  misc.o
    0x08000ea8   0x08000ea8   0x00000002   Code   RO         1515    i.PendSV_Handler    stm32f10x_it.o
    0x08000eaa   0x08000eaa   0x00000002   PAD
    0x08000eac   0x08000eac   0x00000020   Code   RO         3183    i.RCC_APB2PeriphClockCmd  stm32f10x_rcc.o
    0x08000ecc   0x08000ecc   0x000000d4   Code   RO         3191    i.RCC_GetClocksFreq  stm32f10x_rcc.o
    0x08000fa0   0x08000fa0   0x00000054   Code   RO          702    i.SPI1_IRQHandler   hardware_spi.o
    0x08000ff4   0x08000ff4   0x00000018   Code   RO         3660    i.SPI_Cmd           stm32f10x_spi.o
    0x0800100c   0x0800100c   0x00000014   Code   RO         3665    i.SPI_I2S_ClearITPendingBit  stm32f10x_spi.o
    0x08001020   0x08001020   0x00000012   Code   RO         3668    i.SPI_I2S_GetFlagStatus  stm32f10x_spi.o
    0x08001032   0x08001032   0x00000034   Code   RO         3669    i.SPI_I2S_GetITStatus  stm32f10x_spi.o
    0x08001066   0x08001066   0x00000020   Code   RO         3670    i.SPI_I2S_ITConfig  stm32f10x_spi.o
    0x08001086   0x08001086   0x00000006   Code   RO         3671    i.SPI_I2S_ReceiveData  stm32f10x_spi.o
    0x0800108c   0x0800108c   0x00000004   Code   RO         3672    i.SPI_I2S_SendData  stm32f10x_spi.o
    0x08001090   0x08001090   0x0000003c   Code   RO         3673    i.SPI_Init          stm32f10x_spi.o
    0x080010cc   0x080010cc   0x00000002   Code   RO         1516    i.SVC_Handler       stm32f10x_it.o
    0x080010ce   0x080010ce   0x00000008   Code   RO         1573    i.SetSysClock       system_stm32f10x.o
    0x080010d6   0x080010d6   0x00000002   PAD
    0x080010d8   0x080010d8   0x000000e0   Code   RO         1574    i.SetSysClockTo72   system_stm32f10x.o
    0x080011b8   0x080011b8   0x0000004c   Code   RO          798    i.Spi_ReadByte      drvsfspi.o
    0x08001204   0x08001204   0x00000044   Code   RO          799    i.Spi_WriteByte     drvsfspi.o
    0x08001248   0x08001248   0x00000028   Code   RO         1618    i.SysTick_CLKSourceConfig  misc.o
    0x08001270   0x08001270   0x00000002   Code   RO         1517    i.SysTick_Handler   stm32f10x_it.o
    0x08001272   0x08001272   0x00000024   Code   RO          622    i.Sys_DelayUs       delay.o
    0x08001296   0x08001296   0x00000016   Code   RO          623    i.Sys_delay_ms      delay.o
    0x080012ac   0x080012ac   0x00000060   Code   RO         1576    i.SystemInit        system_stm32f10x.o
    0x0800130c   0x0800130c   0x00000024   Code   RO         1439    i.TIM2_IRQHandler   drvfreq.o
    0x08001330   0x08001330   0x0000002c   Code   RO         1440    i.TIM3_IRQHandler   drvfreq.o
    0x0800135c   0x0800135c   0x000000f4   Code   RO         1441    i.TIM5_IRQHandler   drvfreq.o
    0x08001450   0x08001450   0x00000006   Code   RO         3810    i.TIM_ClearITPendingBit  stm32f10x_tim.o
    0x08001456   0x08001456   0x00000006   Code   RO         3830    i.TIM_GetCapture1   stm32f10x_tim.o
    0x0800145c   0x0800145c   0x00000006   Code   RO         3834    i.TIM_GetCounter    stm32f10x_tim.o
    0x08001462   0x08001462   0x00000022   Code   RO         3836    i.TIM_GetITStatus   stm32f10x_tim.o
    0x08001484   0x08001484   0x00000024   Code   RO         1157    i.USART1_IRQHandler  drvuart.o
    0x080014a8   0x080014a8   0x0000001e   Code   RO         4348    i.USART_ClearITPendingBit  stm32f10x_usart.o
    0x080014c6   0x080014c6   0x00000018   Code   RO         4351    i.USART_Cmd         stm32f10x_usart.o
    0x080014de   0x080014de   0x0000001a   Code   RO         4354    i.USART_GetFlagStatus  stm32f10x_usart.o
    0x080014f8   0x080014f8   0x00000054   Code   RO         4355    i.USART_GetITStatus  stm32f10x_usart.o
    0x0800154c   0x0800154c   0x0000004a   Code   RO         4357    i.USART_ITConfig    stm32f10x_usart.o
    0x08001596   0x08001596   0x00000002   PAD
    0x08001598   0x08001598   0x000000d8   Code   RO         4358    i.USART_Init        stm32f10x_usart.o
    0x08001670   0x08001670   0x0000000a   Code   RO         4365    i.USART_ReceiveData  stm32f10x_usart.o
    0x0800167a   0x0800167a   0x00000008   Code   RO         4368    i.USART_SendData    stm32f10x_usart.o
    0x08001682   0x08001682   0x00000004   Code   RO         1518    i.UsageFault_Handler  stm32f10x_it.o
    0x08001686   0x08001686   0x00000002   PAD
    0x08001688   0x08001688   0x000001f4   Code   RO          185    i.W25_WriteReadBytes  app_flash.o
    0x0800187c   0x0800187c   0x00000020   Code   RO         4841    i.__0printf         mc_w.l(printfa.o)
    0x0800189c   0x0800189c   0x0000000e   Code   RO         4964    i.__scatterload_copy  mc_w.l(handlers.o)
    0x080018aa   0x080018aa   0x00000002   Code   RO         4965    i.__scatterload_null  mc_w.l(handlers.o)
    0x080018ac   0x080018ac   0x0000000e   Code   RO         4966    i.__scatterload_zeroinit  mc_w.l(handlers.o)
    0x080018ba   0x080018ba   0x00000002   PAD
    0x080018bc   0x080018bc   0x00000184   Code   RO         4848    i._fp_digits        mc_w.l(printfa.o)
    0x08001a40   0x08001a40   0x000006dc   Code   RO         4849    i._printf_core      mc_w.l(printfa.o)
    0x0800211c   0x0800211c   0x00000024   Code   RO         4850    i._printf_post_padding  mc_w.l(printfa.o)
    0x08002140   0x08002140   0x0000002e   Code   RO         4851    i._printf_pre_padding  mc_w.l(printfa.o)
    0x0800216e   0x0800216e   0x00000002   PAD
    0x08002170   0x08002170   0x00000044   Code   RO          625    i.delay_init        delay.o
    0x080021b4   0x080021b4   0x0000004c   Code   RO          626    i.delay_ms          delay.o
    0x08002200   0x08002200   0x00000030   Code   RO         1404    i.exti_config       drvexti.o
    0x08002230   0x08002230   0x00000024   Code   RO         1405    i.exti_gpio_config  drvexti.o
    0x08002254   0x08002254   0x00000014   Code   RO         1406    i.exti_init         drvexti.o
    0x08002268   0x08002268   0x00000020   Code   RO         1407    i.exti_nvic_config  drvexti.o
    0x08002288   0x08002288   0x00000012   Code   RO         1158    i.fputc             drvuart.o
    0x0800229a   0x0800229a   0x0000003c   Code   RO         4581    i.hal_spi_recv_bytes  hal_spi.o
    0x080022d6   0x080022d6   0x0000003a   Code   RO         4582    i.hal_spi_send_bytes  hal_spi.o
    0x08002310   0x08002310   0x000000b8   Code   RO            2    i.main              main.o
    0x080023c8   0x080023c8   0x00000044   Code   RO         1263    i.oled_dis_clear    drvoled.o
    0x0800240c   0x0800240c   0x00000048   Code   RO         1264    i.oled_dis_logo     drvoled.o
    0x08002454   0x08002454   0x00000034   Code   RO         1272    i.oled_gpio_init    drvoled.o
    0x08002488   0x08002488   0x0000011c   Code   RO         1273    i.oled_init         drvoled.o
    0x080025a4   0x080025a4   0x0000002e   Code   RO         1275    i.oled_set_pos      drvoled.o
    0x080025d2   0x080025d2   0x0000000e   Code   RO         1276    i.oled_write_byte   drvoled.o
    0x080025e0   0x080025e0   0x00000038   Code   RO         1277    i.oled_write_operate  drvoled.o
    0x08002618   0x08002618   0x00000034   Code   RO          706    i.spi_flash_gpio_init  hardware_spi.o
    0x0800264c   0x0800264c   0x00000080   Code   RO          707    i.spi_flash_read_id  hardware_spi.o
    0x080026cc   0x080026cc   0x00000054   Code   RO          708    i.spi_gpio_init     hardware_spi.o
    0x08002720   0x08002720   0x00000068   Code   RO          709    i.spi_master_init   hardware_spi.o
    0x08002788   0x08002788   0x00000028   Code   RO          711    i.spi_master_recv_some_bytes  hardware_spi.o
    0x080027b0   0x080027b0   0x0000005c   Code   RO          712    i.spi_master_send_recv_byte  hardware_spi.o
    0x0800280c   0x0800280c   0x00000024   Code   RO          713    i.spi_master_send_some_bytes  hardware_spi.o
    0x08002830   0x08002830   0x00000134   Code   RO         1159    i.uart_config       drvuart.o
    0x08002964   0x08002964   0x00000144   Code   RO         1160    i.uart_gpio_init    drvuart.o
    0x08002aa8   0x08002aa8   0x0000009c   Code   RO         1161    i.uart_init         drvuart.o
    0x08002b44   0x08002b44   0x00000104   Code   RO         1162    i.uart_irq_set      drvuart.o
    0x08002c48   0x08002c48   0x000000bc   Code   RO         1163    i.uart_recv_byte    drvuart.o
    0x08002d04   0x08002d04   0x00000026   Code   RO         1164    i.uart_recv_serial_bytes  drvuart.o
    0x08002d2a   0x08002d2a   0x00000002   PAD
    0x08002d2c   0x08002d2c   0x000000bc   Code   RO         1165    i.uart_send_byte    drvuart.o
    0x08002de8   0x08002de8   0x00000024   Code   RO         1166    i.uart_send_serial_bytes  drvuart.o
    0x08002e0c   0x08002e0c   0x00000044   Code   RO         1167    i.uart_test         drvuart.o
    0x08002e50   0x08002e50   0x00001418   Data   RO         1278    .constdata          drvoled.o
    0x08004268   0x08004268   0x00000020   Data   RO         4962    Region$$Table       anon$$obj.o


    Execution Region RW_IRAM1 (Exec base: 0x20000000, Load base: 0x08004288, Size: 0x00001560, Max: 0x0000c000, ABSOLUTE)

    Exec Addr    Load Addr    Size         Type   Attr      Idx    E Section Name        Object

    0x20000000   0x08004288   0x00000004   Data   RW            3    .data               main.o
    0x20000004   0x0800428c   0x00000009   Data   RW          188    .data               app_flash.o
    0x2000000d   0x08004295   0x00000003   PAD
    0x20000010   0x08004298   0x00000008   Data   RW          287    .data               variable.o
    0x20000018   0x080042a0   0x00000004   Data   RW          628    .data               delay.o
    0x2000001c   0x080042a4   0x00000006   Data   RW          670    .data               usart.o
    0x20000022   0x080042aa   0x00000001   Data   RW         1408    .data               drvexti.o
    0x20000023   0x080042ab   0x00000001   PAD
    0x20000024   0x080042ac   0x00000013   Data   RW         1448    .data               drvfreq.o
    0x20000037   0x080042bf   0x00000001   PAD
    0x20000038   0x080042c0   0x00000014   Data   RW         1577    .data               system_stm32f10x.o
    0x2000004c   0x080042d4   0x00000014   Data   RW         3211    .data               stm32f10x_rcc.o
    0x20000060        -       0x00000100   Zero   RW          186    .bss                app_flash.o
    0x20000160        -       0x00001000   Zero   RW          286    .bss                variable.o
    0x20001160        -       0x00000400   Zero   RW         1607    STACK               startup_stm32f10x_hd.o


==============================================================================

Image component sizes


      Code (inc. data)   RO Data    RW Data    ZI Data      Debug   Object Name

       564        246          0          9        256     263359   app_flash.o
         0          0          0          0          0     228680   app_htu21d.o
       202         22          0          4          0       2525   delay.o
       844         46          0          0          0       6891   drvexflash.o
       212         10          0          1          0       3072   drvexti.o
       324         38          0         19          0       2538   drvfreq.o
       172         24          0          0          0       1527   drvled.o
       592         20       5144          0          0       5285   drvoled.o
       144         10          0          0          0       1163   drvsfspi.o
      1620        150          0          0          0       7604   drvuart.o
       118          0          0          0          0       2002   hal_spi.o
       620         62          0          0          0       5680   hardware_spi.o
       352        180          0          4          0       4489   main.o
       172         22          0          0          0       2245   misc.o
        36          8        304          0       1024        848   startup_stm32f10x_hd.o
       200         18          0          0          0       2300   stm32f10x_exti.o
       368          4          0          0          0       4546   stm32f10x_gpio.o
        26          0          0          0          0       4242   stm32f10x_it.o
       244         26          0         20          0       4033   stm32f10x_rcc.o
       216          0          0          0          0       6275   stm32f10x_spi.o
        52          0          0          0          0       3061   stm32f10x_tim.o
       472          6          0          0          0       7211   stm32f10x_usart.o
         0          0          0          0          0         32   sys.o
       328         28          0         20          0       2385   system_stm32f10x.o
         0          0          0          6          0       2016   usart.o
         0          0          0          8       4096       1317   variable.o

    ----------------------------------------------------------------------
      7896        920       5480         96       5376     575326   Object Totals
         0          0         32          0          0          0   (incl. Generated)
        18          0          0          5          0          0   (incl. Padding)

    ----------------------------------------------------------------------

      Code (inc. data)   RO Data    RW Data    ZI Data      Debug   Library Member Name

         0          0          0          0          0          0   entry.o
         0          0          0          0          0          0   entry10a.o
         0          0          0          0          0          0   entry11a.o
         8          4          0          0          0          0   entry2.o
         4          0          0          0          0          0   entry5.o
         0          0          0          0          0          0   entry7b.o
         0          0          0          0          0          0   entry8b.o
         8          4          0          0          0          0   entry9a.o
        30          0          0          0          0          0   handlers.o
        36          8          0          0          0         68   init.o
         0          0          0          0          0          0   iusefp.o
        30          0          0          0          0         68   llshl.o
        36          0          0          0          0         68   llsshr.o
        32          0          0          0          0         68   llushr.o
      2258         90          0          0          0        452   printfa.o
        44          0          0          0          0         80   uidiv.o
        98          0          0          0          0         92   uldiv.o
        48          0          0          0          0         68   cdrcmple.o
       334          0          0          0          0        148   dadd.o
       222          0          0          0          0        100   ddiv.o
       186          0          0          0          0        176   depilogue.o
        48          0          0          0          0         68   dfixul.o
       228          0          0          0          0         96   dmul.o

    ----------------------------------------------------------------------
      3656        106          0          0          0       1552   Library Totals
         6          0          0          0          0          0   (incl. Padding)

    ----------------------------------------------------------------------

      Code (inc. data)   RO Data    RW Data    ZI Data      Debug   Library Name

      2584        106          0          0          0        896   mc_w.l
      1066          0          0          0          0        656   mf_w.l

    ----------------------------------------------------------------------
      3656        106          0          0          0       1552   Library Totals

    ----------------------------------------------------------------------

==============================================================================


      Code (inc. data)   RO Data    RW Data    ZI Data      Debug   

     11552       1026       5480         96       5376     571050   Grand Totals
     11552       1026       5480         96       5376     571050   ELF Image Totals
     11552       1026       5480         96          0          0   ROM Totals

==============================================================================

    Total RO  Size (Code + RO Data)                17032 (  16.63kB)
    Total RW  Size (RW Data + ZI Data)              5472 (   5.34kB)
    Total ROM Size (Code + RO Data + RW Data)      17128 (  16.73kB)

==============================================================================

