<html>
<body>
<pre>
<h1>µVision Build Log</h1>
<h2>Tool Versions:</h2>
IDE-Version: ¦ÌVision V5.33.0.0
Copyright (C) 2020 ARM Ltd and ARM Germany GmbH. All rights reserved.
License Information: W W, W, LIC=NHYH9-4YGA1-35NTX-HLJB7-R87HV-LLF1U
 
Tool Versions:
Toolchain:       MDK-ARM Professional  Version: 5.33.0.0
Toolchain Path:  D:\keil_arm\ARM\ARMCC\Bin
C Compiler:      Armcc.exe V5.06 update 7 (build 960)
Assembler:       Armasm.exe V5.06 update 7 (build 960)
Linker/Locator:  ArmLink.exe V5.06 update 7 (build 960)
Library Manager: ArmAr.exe V5.06 update 7 (build 960)
Hex Converter:   FromElf.exe V5.06 update 7 (build 960)
CPU DLL:         SARMCM3.DLL V5.33.0.0
Dialog DLL:      DCM.DLL V1.17.3.0
Target DLL:      Segger\JL2CM3.dll V2.99.38.0
Dialog DLL:      TCM.DLL V1.48.0.0
 
<h2>Project:</h2>
G:\01.Github_manger\stm32f013_study\Project\Stm32f10x_Project.uvprojx
Project File Date:  03/02/2023

<h2>Output:</h2>
*** Using Compiler 'V5.06 update 7 (build 960)', folder: 'D:\keil_arm\ARM\ARMCC\Bin'
Build target 'Target 1'
creating preprocessor file for variable.c...
creating preprocessor file for Main.c...
creating preprocessor file for app_flash.c...
creating preprocessor file for app_adc.c...
creating preprocessor file for app_at24cxx.c...
creating preprocessor file for app_htu21d.c...
compiling Main.c...
creating preprocessor file for logic_grammer.c...
creating preprocessor file for c_language_regular.c...
creating preprocessor file for sys.c...
creating preprocessor file for delay.c...
creating preprocessor file for hardware_spi.c...
creating preprocessor file for usart.c...
creating preprocessor file for drvsfspi.c...
creating preprocessor file for drvsfi2c.c...
creating preprocessor file for drvnrf2401.c...
creating preprocessor file for drvexflash.c...
creating preprocessor file for drvadc.c...
creating preprocessor file for drvsdcard.c...
creating preprocessor file for drvoled.c...
creating preprocessor file for drvled.c...
creating preprocessor file for drvuart.c...
creating preprocessor file for drvtimer.c...
creating preprocessor file for core_cm3.c...
creating preprocessor file for drvfreq.c...
creating preprocessor file for drvexti.c...
creating preprocessor file for hcsr04.c...
creating preprocessor file for stm32f10x_it.c...
creating preprocessor file for system_stm32f10x.c...
creating preprocessor file for misc.c...
creating preprocessor file for stm32f10x_adc.c...
creating preprocessor file for stm32f10x_crc.c...
creating preprocessor file for stm32f10x_can.c...
creating preprocessor file for stm32f10x_bkp.c...
creating preprocessor file for stm32f10x_cec.c...
creating preprocessor file for stm32f10x_dac.c...
creating preprocessor file for stm32f10x_dma.c...
creating preprocessor file for stm32f10x_dbgmcu.c...
creating preprocessor file for stm32f10x_exti.c...
creating preprocessor file for stm32f10x_fsmc.c...
creating preprocessor file for stm32f10x_flash.c...
creating preprocessor file for stm32f10x_gpio.c...
creating preprocessor file for stm32f10x_i2c.c...
creating preprocessor file for stm32f10x_pwr.c...
creating preprocessor file for stm32f10x_rcc.c...
creating preprocessor file for stm32f10x_rtc.c...
creating preprocessor file for stm32f10x_iwdg.c...
creating preprocessor file for stm32f10x_tim.c...
creating preprocessor file for stm32f10x_usart.c...
creating preprocessor file for stm32f10x_sdio.c...
creating preprocessor file for stm32f10x_spi.c...
creating preprocessor file for hal_spi.c...
creating preprocessor file for stm32f10x_wwdg.c...
linking...
Program Size: Code=11712 RO-data=5480 RW-data=104 ZI-data=5376  
FromELF: creating hex file...
".\Stm32f10x_Project.axf" - 0 Error(s), 0 Warning(s).

<h2>Software Packages used:</h2>

Package Vendor: Keil
                http://www.keil.com/pack/Keil.STM32F1xx_DFP.2.3.0.pack
                Keil.STM32F1xx_DFP.2.3.0
                STMicroelectronics STM32F1 Series Device Support, Drivers and Examples

<h2>Collection of Component include folders:</h2>
  D:\KEIL_ARM_PACK\Keil\STM32F1xx_DFP\2.3.0\Device\Include

<h2>Collection of Component Files used:</h2>
Build Time Elapsed:  00:00:22
</pre>
</body>
</html>
