L 1 "..\App\src\variable.c"
N#ifndef __PRJ_STM32F10X_VARIABLE_C__
N#define __PRJ_STM32F10X_VARIABLE_C__
N
N#include "Typedef.h"
L 1 "..\User\inc\Typedef.h" 1
N#ifndef __TYPEDEF_H__
N#define __TYPEDEF_H__
N
Ntypedef unsigned char bool;
N
Ntypedef unsigned char uint8_t;
Ntypedef unsigned short uint16_t;
Ntypedef unsigned int uint32_t;
Ntypedef unsigned long ULONG;
N
Ntypedef signed char  	int8_t;
Ntypedef signed short 	int16_t;
Ntypedef signed int 		int32_t;
Ntypedef signed long 	LONG;
N#define __IO volatile 
N	
N#define FALSE 0
N#define TRUE  1
N
N#ifndef true
N#define true	1
N#endif
N
N#ifndef false
N#define false	0
N#endif
N	
N#define DEBUG_ENABLE
N#ifdef DEBUG_ENABLE
N#define printk	printf
N#endif 
N
N
N
N#endif
L 5 "..\App\src\variable.c" 2
N#include "variable.h"
L 1 "..\App\inc\variable.h" 1
N#ifndef _VARIABLE_H__
N#define _VARIABLE_H__
N
N#include "typedef.h"
N
Nextern __align(4) uint8_t g_DataTmpBuffer[0x1000];
Nextern __align(4) volatile uint16_t g_SpiTxRxLen;
N
N
Nextern volatile uint16_t g_timer3_tick;
N
N
N#endif //_VARIABLE_H__
L 6 "..\App\src\variable.c" 2
N
N
Nuint16_t g_SpiId = 0;
N__align(4) uint8_t g_DataTmpBuffer[0x1000] = {0};
Nvolatile uint16_t g_SpiTxRxLen = 0;
N
N
Nvolatile uint16_t g_timer3_tick = 0;
N
N#endif	//__PRJ_STM32F10X_VARIABLE_C__
